Archive member included to satisfy reference by file (symbol)

c:/st/stm32cubeide_1.10.1/stm32cubeide/plugins/com.st.stm32cube.ide.mcu.externaltools.gnu-tools-for-stm32.10.3-2021.10.win32_1.0.0.202111181127/tools/bin/../lib/gcc/arm-none-eabi/10.3.1/../../../../arm-none-eabi/lib/thumb/v7e-m+fp/hard\libm.a(lib_a-sf_cos.o)
                              ./Core/Src/location.o (cosf)
c:/st/stm32cubeide_1.10.1/stm32cubeide/plugins/com.st.stm32cube.ide.mcu.externaltools.gnu-tools-for-stm32.10.3-2021.10.win32_1.0.0.202111181127/tools/bin/../lib/gcc/arm-none-eabi/10.3.1/../../../../arm-none-eabi/lib/thumb/v7e-m+fp/hard\libm.a(lib_a-sf_fmin.o)
                              ./Core/Src/location.o (fminf)
c:/st/stm32cubeide_1.10.1/stm32cubeide/plugins/com.st.stm32cube.ide.mcu.externaltools.gnu-tools-for-stm32.10.3-2021.10.win32_1.0.0.202111181127/tools/bin/../lib/gcc/arm-none-eabi/10.3.1/../../../../arm-none-eabi/lib/thumb/v7e-m+fp/hard\libm.a(lib_a-sf_fpclassify.o)
                              c:/st/stm32cubeide_1.10.1/stm32cubeide/plugins/com.st.stm32cube.ide.mcu.externaltools.gnu-tools-for-stm32.10.3-2021.10.win32_1.0.0.202111181127/tools/bin/../lib/gcc/arm-none-eabi/10.3.1/../../../../arm-none-eabi/lib/thumb/v7e-m+fp/hard\libm.a(lib_a-sf_fmin.o) (__fpclassifyf)
c:/st/stm32cubeide_1.10.1/stm32cubeide/plugins/com.st.stm32cube.ide.mcu.externaltools.gnu-tools-for-stm32.10.3-2021.10.win32_1.0.0.202111181127/tools/bin/../lib/gcc/arm-none-eabi/10.3.1/../../../../arm-none-eabi/lib/thumb/v7e-m+fp/hard\libm.a(lib_a-sf_sin.o)
                              ./Core/Src/location.o (sinf)
c:/st/stm32cubeide_1.10.1/stm32cubeide/plugins/com.st.stm32cube.ide.mcu.externaltools.gnu-tools-for-stm32.10.3-2021.10.win32_1.0.0.202111181127/tools/bin/../lib/gcc/arm-none-eabi/10.3.1/../../../../arm-none-eabi/lib/thumb/v7e-m+fp/hard\libm.a(lib_a-wf_atan2.o)
                              ./Core/Src/location.o (atan2f)
c:/st/stm32cubeide_1.10.1/stm32cubeide/plugins/com.st.stm32cube.ide.mcu.externaltools.gnu-tools-for-stm32.10.3-2021.10.win32_1.0.0.202111181127/tools/bin/../lib/gcc/arm-none-eabi/10.3.1/../../../../arm-none-eabi/lib/thumb/v7e-m+fp/hard\libm.a(lib_a-ef_atan2.o)
                              c:/st/stm32cubeide_1.10.1/stm32cubeide/plugins/com.st.stm32cube.ide.mcu.externaltools.gnu-tools-for-stm32.10.3-2021.10.win32_1.0.0.202111181127/tools/bin/../lib/gcc/arm-none-eabi/10.3.1/../../../../arm-none-eabi/lib/thumb/v7e-m+fp/hard\libm.a(lib_a-wf_atan2.o) (__ieee754_atan2f)
c:/st/stm32cubeide_1.10.1/stm32cubeide/plugins/com.st.stm32cube.ide.mcu.externaltools.gnu-tools-for-stm32.10.3-2021.10.win32_1.0.0.202111181127/tools/bin/../lib/gcc/arm-none-eabi/10.3.1/../../../../arm-none-eabi/lib/thumb/v7e-m+fp/hard\libm.a(lib_a-ef_rem_pio2.o)
                              c:/st/stm32cubeide_1.10.1/stm32cubeide/plugins/com.st.stm32cube.ide.mcu.externaltools.gnu-tools-for-stm32.10.3-2021.10.win32_1.0.0.202111181127/tools/bin/../lib/gcc/arm-none-eabi/10.3.1/../../../../arm-none-eabi/lib/thumb/v7e-m+fp/hard\libm.a(lib_a-sf_cos.o) (__ieee754_rem_pio2f)
c:/st/stm32cubeide_1.10.1/stm32cubeide/plugins/com.st.stm32cube.ide.mcu.externaltools.gnu-tools-for-stm32.10.3-2021.10.win32_1.0.0.202111181127/tools/bin/../lib/gcc/arm-none-eabi/10.3.1/../../../../arm-none-eabi/lib/thumb/v7e-m+fp/hard\libm.a(lib_a-kf_cos.o)
                              c:/st/stm32cubeide_1.10.1/stm32cubeide/plugins/com.st.stm32cube.ide.mcu.externaltools.gnu-tools-for-stm32.10.3-2021.10.win32_1.0.0.202111181127/tools/bin/../lib/gcc/arm-none-eabi/10.3.1/../../../../arm-none-eabi/lib/thumb/v7e-m+fp/hard\libm.a(lib_a-sf_cos.o) (__kernel_cosf)
c:/st/stm32cubeide_1.10.1/stm32cubeide/plugins/com.st.stm32cube.ide.mcu.externaltools.gnu-tools-for-stm32.10.3-2021.10.win32_1.0.0.202111181127/tools/bin/../lib/gcc/arm-none-eabi/10.3.1/../../../../arm-none-eabi/lib/thumb/v7e-m+fp/hard\libm.a(lib_a-kf_rem_pio2.o)
                              c:/st/stm32cubeide_1.10.1/stm32cubeide/plugins/com.st.stm32cube.ide.mcu.externaltools.gnu-tools-for-stm32.10.3-2021.10.win32_1.0.0.202111181127/tools/bin/../lib/gcc/arm-none-eabi/10.3.1/../../../../arm-none-eabi/lib/thumb/v7e-m+fp/hard\libm.a(lib_a-ef_rem_pio2.o) (__kernel_rem_pio2f)
c:/st/stm32cubeide_1.10.1/stm32cubeide/plugins/com.st.stm32cube.ide.mcu.externaltools.gnu-tools-for-stm32.10.3-2021.10.win32_1.0.0.202111181127/tools/bin/../lib/gcc/arm-none-eabi/10.3.1/../../../../arm-none-eabi/lib/thumb/v7e-m+fp/hard\libm.a(lib_a-kf_sin.o)
                              c:/st/stm32cubeide_1.10.1/stm32cubeide/plugins/com.st.stm32cube.ide.mcu.externaltools.gnu-tools-for-stm32.10.3-2021.10.win32_1.0.0.202111181127/tools/bin/../lib/gcc/arm-none-eabi/10.3.1/../../../../arm-none-eabi/lib/thumb/v7e-m+fp/hard\libm.a(lib_a-sf_cos.o) (__kernel_sinf)
[...]
Memory Configuration

Name             Origin             Length             Attributes
RAM              0x0000000020000000 0x0000000000020000 xrw
FLASH            0x0000000008000000 0x0000000000080000 xr
*default*        0x0000000000000000 0xffffffffffffffff

Linker script and memory map

LOAD c:/st/stm32cubeide_1.10.1/stm32cubeide/plugins/com.st.stm32cube.ide.mcu.externaltools.gnu-tools-for-stm32.10.3-2021.10.win32_1.0.0.202111181127/tools/bin/../lib/gcc/arm-none-eabi/10.3.1/thumb/v7e-m+fp/hard/crti.o
LOAD c:/st/stm32cubeide_1.10.1/stm32cubeide/plugins/com.st.stm32cube.ide.mcu.externaltools.gnu-tools-for-stm32.10.3-2021.10.win32_1.0.0.202111181127/tools/bin/../lib/gcc/arm-none-eabi/10.3.1/thumb/v7e-m+fp/hard/crtbegin.o
LOAD c:/st/stm32cubeide_1.10.1/stm32cubeide/plugins/com.st.stm32cube.ide.mcu.externaltools.gnu-tools-for-stm32.10.3-2021.10.win32_1.0.0.202111181127/tools/bin/../lib/gcc/arm-none-eabi/10.3.1/../../../../arm-none-eabi/lib/thumb/v7e-m+fp/hard/crt0.o
LOAD ./Core/Src/communication.o
LOAD ./Core/Src/location.o
LOAD ./Core/Src/main.o
LOAD ./Core/Src/mainpp.o
LOAD ./Core/Src/motor.o
LOAD ./Core/Src/pathSensor.o
LOAD ./Core/Src/servo.o
LOAD ./Core/Src/stm32f4xx_hal_msp.o
LOAD ./Core/Src/stm32f4xx_it.o
LOAD ./Core/Src/syscalls.o
LOAD ./Core/Src/sysmem.o
LOAD ./Core/Src/system_stm32f4xx.o
LOAD ./Core/Startup/startup_stm32f446retx.o
LOAD ./Drivers/STM32F4xx_HAL_Driver/Src/stm32f4xx_hal.o
LOAD ./Drivers/STM32F4xx_HAL_Driver/Src/stm32f4xx_hal_adc.o
LOAD ./Drivers/STM32F4xx_HAL_Driver/Src/stm32f4xx_hal_adc_ex.o
LOAD ./Drivers/STM32F4xx_HAL_Driver/Src/stm32f4xx_hal_cortex.o
LOAD ./Drivers/STM32F4xx_HAL_Driver/Src/stm32f4xx_hal_dma.o
LOAD ./Drivers/STM32F4xx_HAL_Driver/Src/stm32f4xx_hal_dma_ex.o
LOAD ./Drivers/STM32F4xx_HAL_Driver/Src/stm32f4xx_hal_exti.o
LOAD ./Drivers/STM32F4xx_HAL_Driver/Src/stm32f4xx_hal_flash.o
LOAD ./Drivers/STM32F4xx_HAL_Driver/Src/stm32f4xx_hal_flash_ex.o
LOAD ./Drivers/STM32F4xx_HAL_Driver/Src/stm32f4xx_hal_flash_ramfunc.o
LOAD ./Drivers/STM32F4xx_HAL_Driver/Src/stm32f4xx_hal_gpio.o
LOAD ./Drivers/STM32F4xx_HAL_Driver/Src/stm32f4xx_hal_pwr.o
LOAD ./Drivers/STM32F4xx_HAL_Driver/Src/stm32f4xx_hal_pwr_ex.o
LOAD ./Drivers/STM32F4xx_HAL_Driver/Src/stm32f4xx_hal_rcc.o
LOAD ./Drivers/STM32F4xx_HAL_Driver/Src/stm32f4xx_hal_rcc_ex.o
LOAD ./Drivers/STM32F4xx_HAL_Driver/Src/stm32f4xx_hal_tim.o
LOAD ./Drivers/STM32F4xx_HAL_Driver/Src/stm32f4xx_hal_tim_ex.o
LOAD ./Drivers/STM32F4xx_HAL_Driver/Src/stm32f4xx_hal_uart.o
LOAD ./Drivers/STM32F4xx_HAL_Driver/Src/stm32f4xx_ll_adc.o
START GROUP
LOAD c:/st/stm32cubeide_1.10.1/stm32cubeide/plugins/com.st.stm32cube.ide.mcu.externaltools.gnu-tools-for-stm32.10.3-2021.10.win32_1.0.0.202111181127/tools/bin/../lib/gcc/arm-none-eabi/10.3.1/../../../../arm-none-eabi/lib/thumb/v7e-m+fp/hard\libstdc++_nano.a
LOAD c:/st/stm32cubeide_1.10.1/stm32cubeide/plugins/com.st.stm32cube.ide.mcu.externaltools.gnu-tools-for-stm32.10.3-2021.10.win32_1.0.0.202111181127/tools/bin/../lib/gcc/arm-none-eabi/10.3.1/../../../../arm-none-eabi/lib/thumb/v7e-m+fp/hard\libsupc++_nano.a
END GROUP
LOAD c:/st/stm32cubeide_1.10.1/stm32cubeide/plugins/com.st.stm32cube.ide.mcu.externaltools.gnu-tools-for-stm32.10.3-2021.10.win32_1.0.0.202111181127/tools/bin/../lib/gcc/arm-none-eabi/10.3.1/../../../../arm-none-eabi/lib/thumb/v7e-m+fp/hard\libstdc++_nano.a
LOAD c:/st/stm32cubeide_1.10.1/stm32cubeide/plugins/com.st.stm32cube.ide.mcu.externaltools.gnu-tools-for-stm32.10.3-2021.10.win32_1.0.0.202111181127/tools/bin/../lib/gcc/arm-none-eabi/10.3.1/../../../../arm-none-eabi/lib/thumb/v7e-m+fp/hard\libm.a
LOAD c:/st/stm32cubeide_1.10.1/stm32cubeide/plugins/com.st.stm32cube.ide.mcu.externaltools.gnu-tools-for-stm32.10.3-2021.10.win32_1.0.0.202111181127/tools/bin/../lib/gcc/arm-none-eabi/10.3.1/../../../../arm-none-eabi/lib/thumb/v7e-m+fp/hard\libc_nano.a
START GROUP
LOAD c:/st/stm32cubeide_1.10.1/stm32cubeide/plugins/com.st.stm32cube.ide.mcu.externaltools.gnu-tools-for-stm32.10.3-2021.10.win32_1.0.0.202111181127/tools/bin/../lib/gcc/arm-none-eabi/10.3.1/thumb/v7e-m+fp/hard\libgcc.a
LOAD c:/st/stm32cubeide_1.10.1/stm32cubeide/plugins/com.st.stm32cube.ide.mcu.externaltools.gnu-tools-for-stm32.10.3-2021.10.win32_1.0.0.202111181127/tools/bin/../lib/gcc/arm-none-eabi/10.3.1/../../../../arm-none-eabi/lib/thumb/v7e-m+fp/hard\libc_nano.a
END GROUP
START GROUP
LOAD c:/st/stm32cubeide_1.10.1/stm32cubeide/plugins/com.st.stm32cube.ide.mcu.externaltools.gnu-tools-for-stm32.10.3-2021.10.win32_1.0.0.202111181127/tools/bin/../lib/gcc/arm-none-eabi/10.3.1/thumb/v7e-m+fp/hard\libgcc.a
LOAD c:/st/stm32cubeide_1.10.1/stm32cubeide/plugins/com.st.stm32cube.ide.mcu.externaltools.gnu-tools-for-stm32.10.3-2021.10.win32_1.0.0.202111181127/tools/bin/../lib/gcc/arm-none-eabi/10.3.1/../../../../arm-none-eabi/lib/thumb/v7e-m+fp/hard\libc_nano.a
LOAD c:/st/stm32cubeide_1.10.1/stm32cubeide/plugins/com.st.stm32cube.ide.mcu.externaltools.gnu-tools-for-stm32.10.3-2021.10.win32_1.0.0.202111181127/tools/bin/../lib/gcc/arm-none-eabi/10.3.1/../../../../arm-none-eabi/lib/thumb/v7e-m+fp/hard\libnosys.a
END GROUP
START GROUP
LOAD c:/st/stm32cubeide_1.10.1/stm32cubeide/plugins/com.st.stm32cube.ide.mcu.externaltools.gnu-tools-for-stm32.10.3-2021.10.win32_1.0.0.202111181127/tools/bin/../lib/gcc/arm-none-eabi/10.3.1/thumb/v7e-m+fp/hard\libgcc.a
LOAD c:/st/stm32cubeide_1.10.1/stm32cubeide/plugins/com.st.stm32cube.ide.mcu.externaltools.gnu-tools-for-stm32.10.3-2021.10.win32_1.0.0.202111181127/tools/bin/../lib/gcc/arm-none-eabi/10.3.1/../../../../arm-none-eabi/lib/thumb/v7e-m+fp/hard\libc_nano.a
LOAD c:/st/stm32cubeide_1.10.1/stm32cubeide/plugins/com.st.stm32cube.ide.mcu.externaltools.gnu-tools-for-stm32.10.3-2021.10.win32_1.0.0.202111181127/tools/bin/../lib/gcc/arm-none-eabi/10.3.1/../../../../arm-none-eabi/lib/thumb/v7e-m+fp/hard\libnosys.a
END GROUP
LOAD c:/st/stm32cubeide_1.10.1/stm32cubeide/plugins/com.st.stm32cube.ide.mcu.externaltools.gnu-tools-for-stm32.10.3-2021.10.win32_1.0.0.202111181127/tools/bin/../lib/gcc/arm-none-eabi/10.3.1/thumb/v7e-m+fp/hard/crtend.o
LOAD c:/st/stm32cubeide_1.10.1/stm32cubeide/plugins/com.st.stm32cube.ide.mcu.externaltools.gnu-tools-for-stm32.10.3-2021.10.win32_1.0.0.202111181127/tools/bin/../lib/gcc/arm-none-eabi/10.3.1/thumb/v7e-m+fp/hard/crtn.o
                0x0000000020020000                _estack = (ORIGIN (RAM) + LENGTH (RAM))
                0x0000000000000200                _Min_Heap_Size = 0x200
                0x0000000000000400                _Min_Stack_Size = 0x400

.isr_vector     0x0000000008000000      0x1c4
                0x0000000008000000                . = ALIGN (0x4)
 *(.isr_vector)
 .isr_vector    0x0000000008000000      0x1c4 ./Core/Startup/startup_stm32f446retx.o
                0x0000000008000000                g_pfnVectors
                0x00000000080001c4                . = ALIGN (0x4)

.text           0x00000000080001c8     0x62a4
                0x00000000080001c8                . = ALIGN (0x4)
 *(.text)
 .text          0x00000000080001c8       0x40 c:/st/stm32cubeide_1.10.1/stm32cubeide/plugins/com.st.stm32cube.ide.mcu.externaltools.gnu-tools-for-stm32.10.3-2021.10.win32_1.0.0.202111181127/tools/bin/../lib/gcc/arm-none-eabi/10.3.1/thumb/v7e-m+fp/hard/crtbegin.o
 .text          0x0000000008000208      0x378 c:/st/stm32cubeide_1.10.1/stm32cubeide/plugins/com.st.stm32cube.ide.mcu.externaltools.gnu-tools-for-stm32.10.3-2021.10.win32_1.0.0.202111181127/tools/bin/../lib/gcc/arm-none-eabi/10.3.1/thumb/v7e-m+fp/hard\libgcc.a(_arm_addsubdf3.o)
                0x0000000008000208                __aeabi_drsub
                0x0000000008000210                __aeabi_dsub
                0x0000000008000210                __subdf3
                0x0000000008000214                __aeabi_dadd
                0x0000000008000214                __adddf3
                0x000000000800048c                __floatunsidf
                0x000000000800048c                __aeabi_ui2d
                0x00000000080004ac                __floatsidf
                0x00000000080004ac                __aeabi_i2d
                0x00000000080004d0                __aeabi_f2d
                0x00000000080004d0                __extendsfdf2
                0x0000000008000514                __floatundidf
                0x0000000008000514                __aeabi_ul2d
                0x0000000008000524                __floatdidf
                0x0000000008000524                __aeabi_l2d
 .text          0x0000000008000580      0x424 c:/st/stm32cubeide_1.10.1/stm32cubeide/plugins/com.st.stm32cube.ide.mcu.externaltools.gnu-tools-for-stm32.10.3-2021.10.win32_1.0.0.202111181127/tools/bin/../lib/gcc/arm-none-eabi/10.3.1/thumb/v7e-m+fp/hard\libgcc.a(_arm_muldivdf3.o)
                0x0000000008000580                __aeabi_dmul
                0x0000000008000580                __muldf3
                0x00000000080007d4                __divdf3
                0x00000000080007d4                __aeabi_ddiv
 .text          0x00000000080009a4      0x110 c:/st/stm32cubeide_1.10.1/stm32cubeide/plugins/com.st.stm32cube.ide.mcu.externaltools.gnu-tools-for-stm32.10.3-2021.10.win32_1.0.0.202111181127/tools/bin/../lib/gcc/arm-none-eabi/10.3.1/thumb/v7e-m+fp/hard\libgcc.a(_arm_cmpdf2.o)
                0x00000000080009a4                __gtdf2
                0x00000000080009a4                __gedf2
                0x00000000080009ac                __ltdf2
                0x00000000080009ac                __ledf2
                0x00000000080009b4                __nedf2
                0x00000000080009b4                __eqdf2
                0x00000000080009b4                __cmpdf2
                0x0000000008000a30                __aeabi_cdrcmple
                0x0000000008000a40                __aeabi_cdcmpeq
                0x0000000008000a40                __aeabi_cdcmple
                0x0000000008000a50                __aeabi_dcmpeq
                0x0000000008000a64                __aeabi_dcmplt
                0x0000000008000a78                __aeabi_dcmple
                0x0000000008000a8c                __aeabi_dcmpge
                0x0000000008000aa0                __aeabi_dcmpgt
 .text          0x0000000008000ab4       0xa0 c:/st/stm32cubeide_1.10.1/stm32cubeide/plugins/com.st.stm32cube.ide.mcu.externaltools.gnu-tools-for-stm32.10.3-2021.10.win32_1.0.0.202111181127/tools/bin/../lib/gcc/arm-none-eabi/10.3.1/thumb/v7e-m+fp/hard\libgcc.a(_arm_truncdfsf2.o)
                0x0000000008000ab4                __truncdfsf2
                0x0000000008000ab4                __aeabi_d2f
 .text          0x0000000008000b54       0x30 c:/st/stm32cubeide_1.10.1/stm32cubeide/plugins/com.st.stm32cube.ide.mcu.externaltools.gnu-tools-for-stm32.10.3-2021.10.win32_1.0.0.202111181127/tools/bin/../lib/gcc/arm-none-eabi/10.3.1/thumb/v7e-m+fp/hard\libgcc.a(_aeabi_uldivmod.o)
                0x0000000008000b54                __aeabi_uldivmod
 .text          0x0000000008000b84      0x2d0 c:/st/stm32cubeide_1.10.1/stm32cubeide/plugins/com.st.stm32cube.ide.mcu.externaltools.gnu-tools-for-stm32.10.3-2021.10.win32_1.0.0.202111181127/tools/bin/../lib/gcc/arm-none-eabi/10.3.1/thumb/v7e-m+fp/hard\libgcc.a(_udivmoddi4.o)
                0x0000000008000b84                __udivmoddi4
 .text          0x0000000008000e54        0x4 c:/st/stm32cubeide_1.10.1/stm32cubeide/plugins/com.st.stm32cube.ide.mcu.externaltools.gnu-tools-for-stm32.10.3-2021.10.win32_1.0.0.202111181127/tools/bin/../lib/gcc/arm-none-eabi/10.3.1/thumb/v7e-m+fp/hard\libgcc.a(_dvmd_tls.o)
                0x0000000008000e54                __aeabi_idiv0
                0x0000000008000e54                __aeabi_ldiv0
 *(.text*)
 .text._ZSt3absf
                0x0000000008000e58       0x20 ./Core/Src/communication.o
                0x0000000008000e58                std::abs(float)
 .text._ZSt3cosf
                0x0000000008000e78       0x20 ./Core/Src/location.o
                0x0000000008000e78                std::cos(float)
 .text._ZSt3sinf
                0x0000000008000e98       0x20 ./Core/Src/location.o
                0x0000000008000e98                std::sin(float)
 .text._ZSt4fminff
                0x0000000008000eb8       0x28 ./Core/Src/location.o
                0x0000000008000eb8                std::fmin(float, float)
 .text._Z23cis_speedTransfer_modlev
                0x0000000008000ee0       0xd4 ./Core/Src/location.o
                0x0000000008000ee0                cis_speedTransfer_modle()
 *fill*         0x0000000008000fb4        0x4 
 .text._Z13location_datai
                0x0000000008000fb8      0x2d4 ./Core/Src/location.o
                0x0000000008000fb8                location_data(int)
 *fill*         0x000000000800128c        0x4 
 .text._Z12speed_changei
                0x0000000008001290      0x494 ./Core/Src/location.o
                0x0000000008001290                speed_change(int)
 .text.main     0x0000000008001724       0x3a ./Core/Src/main.o
                0x0000000008001724                main
 *fill*         0x000000000800175e        0x2 
 .text.SystemClock_Config
                0x0000000008001760       0xdc ./Core/Src/main.o
                0x0000000008001760                SystemClock_Config
 .text.MX_ADC1_Init
                0x000000000800183c      0x14c ./Core/Src/main.o
 .text.MX_TIM1_Init
                0x0000000008001988      0x150 ./Core/Src/main.o
 .text.MX_TIM2_Init
                0x0000000008001ad8       0xa8 ./Core/Src/main.o
 .text.MX_TIM3_Init
                0x0000000008001b80       0xa8 ./Core/Src/main.o
 .text.MX_TIM4_Init
                0x0000000008001c28       0xa8 ./Core/Src/main.o
 .text.MX_TIM7_Init
                0x0000000008001cd0       0x6c ./Core/Src/main.o
 .text.MX_TIM8_Init
                0x0000000008001d3c       0xb0 ./Core/Src/main.o
 .text.MX_TIM9_Init
                0x0000000008001dec       0xa0 ./Core/Src/main.o
 .text.MX_UART4_Init
                0x0000000008001e8c       0x54 ./Core/Src/main.o
 .text.MX_GPIO_Init
                0x0000000008001ee0       0xfc ./Core/Src/main.o
 .text.Error_Handler
                0x0000000008001fdc        0xa ./Core/Src/main.o
                0x0000000008001fdc                Error_Handler
 *fill*         0x0000000008001fe6        0x2 
 .text.setup    0x0000000008001fe8       0x18 ./Core/Src/mainpp.o
                0x0000000008001fe8                setup
 .text.main_function
                0x0000000008002000        0xa ./Core/Src/mainpp.o
                0x0000000008002000                main_function
 *fill*         0x000000000800200a        0x2 
 .text.HAL_TIM_PeriodElapsedCallback
                0x000000000800200c       0x30 ./Core/Src/mainpp.o
                0x000000000800200c                HAL_TIM_PeriodElapsedCallback
 .text._Z13DCmotor_setupv
                0x000000000800203c       0x7c ./Core/Src/motor.o
                0x000000000800203c                DCmotor_setup()
 .text._Z14PI_control_runP8DC_motorf
                0x00000000080020b8      0x204 ./Core/Src/motor.o
                0x00000000080020b8                PI_control_run(DC_motor*, float)
 .text._Z8getStateP8DC_motori
                0x00000000080022bc       0x9c ./Core/Src/motor.o
                0x00000000080022bc                getState(DC_motor*, int)
 .text._Z11DCmotor_runv
                0x0000000008002358       0x80 ./Core/Src/motor.o
                0x0000000008002358                DCmotor_run()
 .text._Z9encoderspPf
                0x00000000080023d8       0x34 ./Core/Src/motor.o
                0x00000000080023d8                encodersp(float*)
 .text._Z11speedOutputi
                0x000000000800240c       0x1c ./Core/Src/motor.o
                0x000000000800240c                speedOutput(int)
 .text._Z41__static_initialization_and_destruction_0ii
                0x0000000008002428       0xc0 ./Core/Src/motor.o
 .text._GLOBAL__sub_I_enc_a
                0x00000000080024e8       0x10 ./Core/Src/motor.o
 .text.HAL_TIM_PWM_PulseFinishedCallback
                0x00000000080024f8       0x14 ./Core/Src/servo.o
                0x00000000080024f8                HAL_TIM_PWM_PulseFinishedCallback
 .text.HAL_MspInit
                0x000000000800250c       0x50 ./Core/Src/stm32f4xx_hal_msp.o
                0x000000000800250c                HAL_MspInit
 .text.HAL_ADC_MspInit
                0x000000000800255c       0xc0 ./Core/Src/stm32f4xx_hal_msp.o
                0x000000000800255c                HAL_ADC_MspInit
 .text.HAL_TIM_PWM_MspInit
                0x000000000800261c       0x70 ./Core/Src/stm32f4xx_hal_msp.o
                0x000000000800261c                HAL_TIM_PWM_MspInit
 .text.HAL_TIM_Encoder_MspInit
                0x000000000800268c      0x20c ./Core/Src/stm32f4xx_hal_msp.o
                0x000000000800268c                HAL_TIM_Encoder_MspInit
 .text.HAL_TIM_Base_MspInit
                0x0000000008002898       0x50 ./Core/Src/stm32f4xx_hal_msp.o
                0x0000000008002898                HAL_TIM_Base_MspInit
 .text.HAL_TIM_MspPostInit
                0x00000000080028e8       0xc0 ./Core/Src/stm32f4xx_hal_msp.o
                0x00000000080028e8                HAL_TIM_MspPostInit
 .text.HAL_UART_MspInit
                0x00000000080029a8       0x90 ./Core/Src/stm32f4xx_hal_msp.o
                0x00000000080029a8                HAL_UART_MspInit
 .text.NMI_Handler
                0x0000000008002a38        0x6 ./Core/Src/stm32f4xx_it.o
                0x0000000008002a38                NMI_Handler
 .text.HardFault_Handler
                0x0000000008002a3e        0x6 ./Core/Src/stm32f4xx_it.o
                0x0000000008002a3e                HardFault_Handler
 .text.MemManage_Handler
                0x0000000008002a44        0x6 ./Core/Src/stm32f4xx_it.o
                0x0000000008002a44                MemManage_Handler
 .text.BusFault_Handler
                0x0000000008002a4a        0x6 ./Core/Src/stm32f4xx_it.o
                0x0000000008002a4a                BusFault_Handler
 .text.UsageFault_Handler
                0x0000000008002a50        0x6 ./Core/Src/stm32f4xx_it.o
                0x0000000008002a50                UsageFault_Handler
 .text.SVC_Handler
                0x0000000008002a56        0xe ./Core/Src/stm32f4xx_it.o
                0x0000000008002a56                SVC_Handler
 .text.DebugMon_Handler
                0x0000000008002a64        0xe ./Core/Src/stm32f4xx_it.o
                0x0000000008002a64                DebugMon_Handler
 .text.PendSV_Handler
                0x0000000008002a72        0xe ./Core/Src/stm32f4xx_it.o
                0x0000000008002a72                PendSV_Handler
 .text.SysTick_Handler
                0x0000000008002a80        0xc ./Core/Src/stm32f4xx_it.o
                0x0000000008002a80                SysTick_Handler
 .text.TIM7_IRQHandler
                0x0000000008002a8c       0x14 ./Core/Src/stm32f4xx_it.o
                0x0000000008002a8c                TIM7_IRQHandler
 .text.SystemInit
                0x0000000008002aa0       0x24 ./Core/Src/system_stm32f4xx.o
                0x0000000008002aa0                SystemInit
 .text.Reset_Handler
                0x0000000008002ac4       0x50 ./Core/Startup/startup_stm32f446retx.o
                0x0000000008002ac4                Reset_Handler
 .text.Default_Handler
                0x0000000008002b14        0x2 ./Core/Startup/startup_stm32f446retx.o
                0x0000000008002b14                RTC_Alarm_IRQHandler
                0x0000000008002b14                EXTI2_IRQHandler
                0x0000000008002b14                TIM8_CC_IRQHandler
                0x0000000008002b14                FMPI2C1_EV_IRQHandler
                0x0000000008002b14                SPI4_IRQHandler
                0x0000000008002b14                TIM1_CC_IRQHandler
                0x0000000008002b14                DMA2_Stream5_IRQHandler
                0x0000000008002b14                DMA1_Stream5_IRQHandler
                0x0000000008002b14                PVD_IRQHandler
                0x0000000008002b14                SDIO_IRQHandler
                0x0000000008002b14                TAMP_STAMP_IRQHandler
                0x0000000008002b14                CAN2_RX1_IRQHandler
                0x0000000008002b14                EXTI3_IRQHandler
                0x0000000008002b14                TIM8_TRG_COM_TIM14_IRQHandler
                0x0000000008002b14                TIM1_UP_TIM10_IRQHandler
                0x0000000008002b14                TIM8_UP_TIM13_IRQHandler
                0x0000000008002b14                I2C3_ER_IRQHandler
                0x0000000008002b14                EXTI0_IRQHandler
                0x0000000008002b14                I2C2_EV_IRQHandler
                0x0000000008002b14                DMA1_Stream2_IRQHandler
                0x0000000008002b14                CAN1_RX0_IRQHandler
                0x0000000008002b14                FPU_IRQHandler
                0x0000000008002b14                OTG_HS_WKUP_IRQHandler
                0x0000000008002b14                CAN2_SCE_IRQHandler
                0x0000000008002b14                DMA2_Stream2_IRQHandler
                0x0000000008002b14                SPI1_IRQHandler
                0x0000000008002b14                TIM6_DAC_IRQHandler
                0x0000000008002b14                TIM1_BRK_TIM9_IRQHandler
                0x0000000008002b14                DCMI_IRQHandler
                0x0000000008002b14                CAN2_RX0_IRQHandler
                0x0000000008002b14                DMA2_Stream3_IRQHandler
                0x0000000008002b14                SAI2_IRQHandler
                0x0000000008002b14                USART6_IRQHandler
                0x0000000008002b14                USART3_IRQHandler
                0x0000000008002b14                CAN1_RX1_IRQHandler
                0x0000000008002b14                UART5_IRQHandler
                0x0000000008002b14                DMA2_Stream0_IRQHandler
                0x0000000008002b14                TIM4_IRQHandler
                0x0000000008002b14                QUADSPI_IRQHandler
                0x0000000008002b14                I2C1_EV_IRQHandler
                0x0000000008002b14                DMA1_Stream6_IRQHandler
                0x0000000008002b14                DMA1_Stream1_IRQHandler
                0x0000000008002b14                UART4_IRQHandler
                0x0000000008002b14                TIM3_IRQHandler
                0x0000000008002b14                RCC_IRQHandler
                0x0000000008002b14                TIM8_BRK_TIM12_IRQHandler
                0x0000000008002b14                Default_Handler
                0x0000000008002b14                CEC_IRQHandler
                0x0000000008002b14                EXTI15_10_IRQHandler
                0x0000000008002b14                ADC_IRQHandler
                0x0000000008002b14                DMA1_Stream7_IRQHandler
                0x0000000008002b14                CAN2_TX_IRQHandler
                0x0000000008002b14                TIM5_IRQHandler
                0x0000000008002b14                DMA2_Stream7_IRQHandler
                0x0000000008002b14                I2C3_EV_IRQHandler
                0x0000000008002b14                EXTI9_5_IRQHandler
                0x0000000008002b14                RTC_WKUP_IRQHandler
                0x0000000008002b14                SPDIF_RX_IRQHandler
                0x0000000008002b14                SPI2_IRQHandler
                0x0000000008002b14                OTG_HS_EP1_IN_IRQHandler
                0x0000000008002b14                DMA1_Stream0_IRQHandler
                0x0000000008002b14                CAN1_TX_IRQHandler
                0x0000000008002b14                FMPI2C1_ER_IRQHandler
                0x0000000008002b14                EXTI4_IRQHandler
                0x0000000008002b14                OTG_HS_EP1_OUT_IRQHandler
                0x0000000008002b14                WWDG_IRQHandler
                0x0000000008002b14                TIM2_IRQHandler
                0x0000000008002b14                OTG_FS_WKUP_IRQHandler
                0x0000000008002b14                TIM1_TRG_COM_TIM11_IRQHandler
                0x0000000008002b14                OTG_HS_IRQHandler
                0x0000000008002b14                EXTI1_IRQHandler
                0x0000000008002b14                USART2_IRQHandler
                0x0000000008002b14                I2C2_ER_IRQHandler
                0x0000000008002b14                DMA2_Stream1_IRQHandler
                0x0000000008002b14                CAN1_SCE_IRQHandler
                0x0000000008002b14                FLASH_IRQHandler
                0x0000000008002b14                DMA2_Stream4_IRQHandler
                0x0000000008002b14                USART1_IRQHandler
                0x0000000008002b14                OTG_FS_IRQHandler
                0x0000000008002b14                SPI3_IRQHandler
                0x0000000008002b14                DMA1_Stream4_IRQHandler
                0x0000000008002b14                I2C1_ER_IRQHandler
                0x0000000008002b14                FMC_IRQHandler
                0x0000000008002b14                DMA2_Stream6_IRQHandler
                0x0000000008002b14                SAI1_IRQHandler
                0x0000000008002b14                DMA1_Stream3_IRQHandler
 *fill*         0x0000000008002b16        0x2 
 .text.HAL_Init
                0x0000000008002b18       0x44 ./Drivers/STM32F4xx_HAL_Driver/Src/stm32f4xx_hal.o
                0x0000000008002b18                HAL_Init
 .text.HAL_InitTick
                0x0000000008002b5c       0x60 ./Drivers/STM32F4xx_HAL_Driver/Src/stm32f4xx_hal.o
                0x0000000008002b5c                HAL_InitTick
 .text.HAL_IncTick
                0x0000000008002bbc       0x28 ./Drivers/STM32F4xx_HAL_Driver/Src/stm32f4xx_hal.o
                0x0000000008002bbc                HAL_IncTick
 .text.HAL_GetTick
                0x0000000008002be4       0x18 ./Drivers/STM32F4xx_HAL_Driver/Src/stm32f4xx_hal.o
                0x0000000008002be4                HAL_GetTick
 .text.HAL_ADC_Init
                0x0000000008002bfc       0x86 ./Drivers/STM32F4xx_HAL_Driver/Src/stm32f4xx_hal_adc.o
                0x0000000008002bfc                HAL_ADC_Init
 *fill*         0x0000000008002c82        0x2 
 .text.HAL_ADC_ConfigChannel
                0x0000000008002c84      0x264 ./Drivers/STM32F4xx_HAL_Driver/Src/stm32f4xx_hal_adc.o
                0x0000000008002c84                HAL_ADC_ConfigChannel
 .text.ADC_Init
                0x0000000008002ee8      0x1f8 ./Drivers/STM32F4xx_HAL_Driver/Src/stm32f4xx_hal_adc.o
 .text.__NVIC_SetPriorityGrouping
                0x00000000080030e0       0x48 ./Drivers/STM32F4xx_HAL_Driver/Src/stm32f4xx_hal_cortex.o
 .text.__NVIC_GetPriorityGrouping
                0x0000000008003128       0x1c ./Drivers/STM32F4xx_HAL_Driver/Src/stm32f4xx_hal_cortex.o
 .text.__NVIC_EnableIRQ
                0x0000000008003144       0x3c ./Drivers/STM32F4xx_HAL_Driver/Src/stm32f4xx_hal_cortex.o
 .text.__NVIC_SetPriority
                0x0000000008003180       0x54 ./Drivers/STM32F4xx_HAL_Driver/Src/stm32f4xx_hal_cortex.o
 .text.NVIC_EncodePriority
                0x00000000080031d4       0x66 ./Drivers/STM32F4xx_HAL_Driver/Src/stm32f4xx_hal_cortex.o
 *fill*         0x000000000800323a        0x2 
 .text.SysTick_Config
                0x000000000800323c       0x44 ./Drivers/STM32F4xx_HAL_Driver/Src/stm32f4xx_hal_cortex.o
 .text.HAL_NVIC_SetPriorityGrouping
                0x0000000008003280       0x16 ./Drivers/STM32F4xx_HAL_Driver/Src/stm32f4xx_hal_cortex.o
                0x0000000008003280                HAL_NVIC_SetPriorityGrouping
 .text.HAL_NVIC_SetPriority
                0x0000000008003296       0x38 ./Drivers/STM32F4xx_HAL_Driver/Src/stm32f4xx_hal_cortex.o
                0x0000000008003296                HAL_NVIC_SetPriority
 .text.HAL_NVIC_EnableIRQ
                0x00000000080032ce       0x1c ./Drivers/STM32F4xx_HAL_Driver/Src/stm32f4xx_hal_cortex.o
                0x00000000080032ce                HAL_NVIC_EnableIRQ
 .text.HAL_SYSTICK_Config
                0x00000000080032ea       0x18 ./Drivers/STM32F4xx_HAL_Driver/Src/stm32f4xx_hal_cortex.o
                0x00000000080032ea                HAL_SYSTICK_Config
 *fill*         0x0000000008003302        0x2 
 .text.HAL_GPIO_Init
                0x0000000008003304      0x328 ./Drivers/STM32F4xx_HAL_Driver/Src/stm32f4xx_hal_gpio.o
                0x0000000008003304                HAL_GPIO_Init
 .text.HAL_GPIO_WritePin
                0x000000000800362c       0x32 ./Drivers/STM32F4xx_HAL_Driver/Src/stm32f4xx_hal_gpio.o
                0x000000000800362c                HAL_GPIO_WritePin
 *fill*         0x000000000800365e        0x2 
 .text.HAL_RCC_ClockConfig
                0x0000000008003660      0x1cc ./Drivers/STM32F4xx_HAL_Driver/Src/stm32f4xx_hal_rcc.o
                0x0000000008003660                HAL_RCC_ClockConfig
 .text.HAL_RCC_GetHCLKFreq
                0x000000000800382c       0x18 ./Drivers/STM32F4xx_HAL_Driver/Src/stm32f4xx_hal_rcc.o
                0x000000000800382c                HAL_RCC_GetHCLKFreq
 .text.HAL_RCC_GetPCLK1Freq
                0x0000000008003844       0x28 ./Drivers/STM32F4xx_HAL_Driver/Src/stm32f4xx_hal_rcc.o
                0x0000000008003844                HAL_RCC_GetPCLK1Freq
 .text.HAL_RCC_GetPCLK2Freq
                0x000000000800386c       0x28 ./Drivers/STM32F4xx_HAL_Driver/Src/stm32f4xx_hal_rcc.o
                0x000000000800386c                HAL_RCC_GetPCLK2Freq
 .text.HAL_RCC_GetSysClockFreq
                0x0000000008003894      0x460 ./Drivers/STM32F4xx_HAL_Driver/Src/stm32f4xx_hal_rcc_ex.o
                0x0000000008003894                HAL_RCC_GetSysClockFreq
 .text.HAL_RCC_OscConfig
                0x0000000008003cf4      0x53c ./Drivers/STM32F4xx_HAL_Driver/Src/stm32f4xx_hal_rcc_ex.o
                0x0000000008003cf4                HAL_RCC_OscConfig
 .text.HAL_TIM_Base_Init
                0x0000000008004230       0x9e ./Drivers/STM32F4xx_HAL_Driver/Src/stm32f4xx_hal_tim.o
                0x0000000008004230                HAL_TIM_Base_Init
 *fill*         0x00000000080042ce        0x2 
 .text.HAL_TIM_Base_Start_IT
                0x00000000080042d0       0xe0 ./Drivers/STM32F4xx_HAL_Driver/Src/stm32f4xx_hal_tim.o
                0x00000000080042d0                HAL_TIM_Base_Start_IT
 .text.HAL_TIM_PWM_Init
                0x00000000080043b0       0x9e ./Drivers/STM32F4xx_HAL_Driver/Src/stm32f4xx_hal_tim.o
                0x00000000080043b0                HAL_TIM_PWM_Init
 *fill*         0x000000000800444e        0x2 
 .text.HAL_TIM_PWM_Start
                0x0000000008004450      0x190 ./Drivers/STM32F4xx_HAL_Driver/Src/stm32f4xx_hal_tim.o
                0x0000000008004450                HAL_TIM_PWM_Start
 .text.HAL_TIM_Encoder_Init
                0x00000000080045e0      0x14c ./Drivers/STM32F4xx_HAL_Driver/Src/stm32f4xx_hal_tim.o
                0x00000000080045e0                HAL_TIM_Encoder_Init
 .text.HAL_TIM_Encoder_Start
                0x000000000800472c      0x11c ./Drivers/STM32F4xx_HAL_Driver/Src/stm32f4xx_hal_tim.o
                0x000000000800472c                HAL_TIM_Encoder_Start
 .text.HAL_TIM_IRQHandler
                0x0000000008004848      0x210 ./Drivers/STM32F4xx_HAL_Driver/Src/stm32f4xx_hal_tim.o
                0x0000000008004848                HAL_TIM_IRQHandler
 .text.HAL_TIM_PWM_ConfigChannel
                0x0000000008004a58      0x184 ./Drivers/STM32F4xx_HAL_Driver/Src/stm32f4xx_hal_tim.o
                0x0000000008004a58                HAL_TIM_PWM_ConfigChannel
 .text.HAL_TIM_OC_DelayElapsedCallback
                0x0000000008004bdc       0x14 ./Drivers/STM32F4xx_HAL_Driver/Src/stm32f4xx_hal_tim.o
                0x0000000008004bdc                HAL_TIM_OC_DelayElapsedCallback
 .text.HAL_TIM_IC_CaptureCallback
                0x0000000008004bf0       0x14 ./Drivers/STM32F4xx_HAL_Driver/Src/stm32f4xx_hal_tim.o
                0x0000000008004bf0                HAL_TIM_IC_CaptureCallback
 .text.HAL_TIM_TriggerCallback
                0x0000000008004c04       0x14 ./Drivers/STM32F4xx_HAL_Driver/Src/stm32f4xx_hal_tim.o
                0x0000000008004c04                HAL_TIM_TriggerCallback
 .text.TIM_Base_SetConfig
                0x0000000008004c18      0x140 ./Drivers/STM32F4xx_HAL_Driver/Src/stm32f4xx_hal_tim.o
                0x0000000008004c18                TIM_Base_SetConfig
 .text.TIM_OC1_SetConfig
                0x0000000008004d58       0xe0 ./Drivers/STM32F4xx_HAL_Driver/Src/stm32f4xx_hal_tim.o
 .text.TIM_OC2_SetConfig
                0x0000000008004e38       0xec ./Drivers/STM32F4xx_HAL_Driver/Src/stm32f4xx_hal_tim.o
                0x0000000008004e38                TIM_OC2_SetConfig
 .text.TIM_OC3_SetConfig
                0x0000000008004f24       0xe8 ./Drivers/STM32F4xx_HAL_Driver/Src/stm32f4xx_hal_tim.o
 .text.TIM_OC4_SetConfig
                0x000000000800500c       0xac ./Drivers/STM32F4xx_HAL_Driver/Src/stm32f4xx_hal_tim.o
 .text.TIM_CCxChannelCmd
                0x00000000080050b8       0x4a ./Drivers/STM32F4xx_HAL_Driver/Src/stm32f4xx_hal_tim.o
                0x00000000080050b8                TIM_CCxChannelCmd
 *fill*         0x0000000008005102        0x2 
 .text.HAL_TIMEx_MasterConfigSynchronization
                0x0000000008005104       0xf8 ./Drivers/STM32F4xx_HAL_Driver/Src/stm32f4xx_hal_tim_ex.o
                0x0000000008005104                HAL_TIMEx_MasterConfigSynchronization
 .text.HAL_TIMEx_ConfigBreakDeadTime
                0x00000000080051fc       0xa4 ./Drivers/STM32F4xx_HAL_Driver/Src/stm32f4xx_hal_tim_ex.o
                0x00000000080051fc                HAL_TIMEx_ConfigBreakDeadTime
 .text.HAL_TIMEx_CommutCallback
                0x00000000080052a0       0x14 ./Drivers/STM32F4xx_HAL_Driver/Src/stm32f4xx_hal_tim_ex.o
                0x00000000080052a0                HAL_TIMEx_CommutCallback
 .text.HAL_TIMEx_BreakCallback
                0x00000000080052b4       0x14 ./Drivers/STM32F4xx_HAL_Driver/Src/stm32f4xx_hal_tim_ex.o
                0x00000000080052b4                HAL_TIMEx_BreakCallback
 .text.HAL_UART_Init
                0x00000000080052c8       0x9a ./Drivers/STM32F4xx_HAL_Driver/Src/stm32f4xx_hal_uart.o
                0x00000000080052c8                HAL_UART_Init
 *fill*         0x0000000008005362        0x2 
 .text.UART_SetConfig
                0x0000000008005364      0x4e8 ./Drivers/STM32F4xx_HAL_Driver/Src/stm32f4xx_hal_uart.o
 .text.cosf     0x000000000800584c       0x88 c:/st/stm32cubeide_1.10.1/stm32cubeide/plugins/com.st.stm32cube.ide.mcu.externaltools.gnu-tools-for-stm32.10.3-2021.10.win32_1.0.0.202111181127/tools/bin/../lib/gcc/arm-none-eabi/10.3.1/../../../../arm-none-eabi/lib/thumb/v7e-m+fp/hard\libm.a(lib_a-sf_cos.o)
                0x000000000800584c                cosf
 .text.fminf    0x00000000080058d4       0x36 c:/st/stm32cubeide_1.10.1/stm32cubeide/plugins/com.st.stm32cube.ide.mcu.externaltools.gnu-tools-for-stm32.10.3-2021.10.win32_1.0.0.202111181127/tools/bin/../lib/gcc/arm-none-eabi/10.3.1/../../../../arm-none-eabi/lib/thumb/v7e-m+fp/hard\libm.a(lib_a-sf_fmin.o)
                0x00000000080058d4                fminf
 *fill*         0x000000000800590a        0x2 
 .text.__fpclassifyf
                0x000000000800590c       0x38 c:/st/stm32cubeide_1.10.1/stm32cubeide/plugins/com.st.stm32cube.ide.mcu.externaltools.gnu-tools-for-stm32.10.3-2021.10.win32_1.0.0.202111181127/tools/bin/../lib/gcc/arm-none-eabi/10.3.1/../../../../arm-none-eabi/lib/thumb/v7e-m+fp/hard\libm.a(lib_a-sf_fpclassify.o)
                0x000000000800590c                __fpclassifyf
 .text.sinf     0x0000000008005944       0x8c c:/st/stm32cubeide_1.10.1/stm32cubeide/plugins/com.st.stm32cube.ide.mcu.externaltools.gnu-tools-for-stm32.10.3-2021.10.win32_1.0.0.202111181127/tools/bin/../lib/gcc/arm-none-eabi/10.3.1/../../../../arm-none-eabi/lib/thumb/v7e-m+fp/hard\libm.a(lib_a-sf_sin.o)
                0x0000000008005944                sinf
 .text.__ieee754_rem_pio2f
                0x00000000080059d0      0x278 c:/st/stm32cubeide_1.10.1/stm32cubeide/plugins/com.st.stm32cube.ide.mcu.externaltools.gnu-tools-for-stm32.10.3-2021.10.win32_1.0.0.202111181127/tools/bin/../lib/gcc/arm-none-eabi/10.3.1/../../../../arm-none-eabi/lib/thumb/v7e-m+fp/hard\libm.a(lib_a-ef_rem_pio2.o)
                0x00000000080059d0                __ieee754_rem_pio2f
 .text.__kernel_cosf
                0x0000000008005c48       0xc0 c:/st/stm32cubeide_1.10.1/stm32cubeide/plugins/com.st.stm32cube.ide.mcu.externaltools.gnu-tools-for-stm32.10.3-2021.10.win32_1.0.0.202111181127/tools/bin/../lib/gcc/arm-none-eabi/10.3.1/../../../../arm-none-eabi/lib/thumb/v7e-m+fp/hard\libm.a(lib_a-kf_cos.o)
                0x0000000008005c48                __kernel_cosf
 .text.__kernel_rem_pio2f
                0x0000000008005d08      0x4ec c:/st/stm32cubeide_1.10.1/stm32cubeide/plugins/com.st.stm32cube.ide.mcu.externaltools.gnu-tools-for-stm32.10.3-2021.10.win32_1.0.0.202111181127/tools/bin/../lib/gcc/arm-none-eabi/10.3.1/../../../../arm-none-eabi/lib/thumb/v7e-m+fp/hard\libm.a(lib_a-kf_rem_pio2.o)
                0x0000000008005d08                __kernel_rem_pio2f
 .text.__kernel_sinf
                0x00000000080061f4       0x90 c:/st/stm32cubeide_1.10.1/stm32cubeide/plugins/com.st.stm32cube.ide.mcu.externaltools.gnu-tools-for-stm32.10.3-2021.10.win32_1.0.0.202111181127/tools/bin/../lib/gcc/arm-none-eabi/10.3.1/../../../../arm-none-eabi/lib/thumb/v7e-m+fp/hard\libm.a(lib_a-kf_sin.o)
                0x00000000080061f4                __kernel_sinf
 .text.fabsf    0x0000000008006284        0xe c:/st/stm32cubeide_1.10.1/stm32cubeide/plugins/com.st.stm32cube.ide.mcu.externaltools.gnu-tools-for-stm32.10.3-2021.10.win32_1.0.0.202111181127/tools/bin/../lib/gcc/arm-none-eabi/10.3.1/../../../../arm-none-eabi/lib/thumb/v7e-m+fp/hard\libm.a(lib_a-sf_fabs.o)
                0x0000000008006284                fabsf
 *fill*         0x0000000008006292        0x2 
 .text.floorf   0x0000000008006294       0x84 c:/st/stm32cubeide_1.10.1/stm32cubeide/plugins/com.st.stm32cube.ide.mcu.externaltools.gnu-tools-for-stm32.10.3-2021.10.win32_1.0.0.202111181127/tools/bin/../lib/gcc/arm-none-eabi/10.3.1/../../../../arm-none-eabi/lib/thumb/v7e-m+fp/hard\libm.a(lib_a-sf_floor.o)
                0x0000000008006294                floorf
 .text.scalbnf  0x0000000008006318       0xe4 c:/st/stm32cubeide_1.10.1/stm32cubeide/plugins/com.st.stm32cube.ide.mcu.externaltools.gnu-tools-for-stm32.10.3-2021.10.win32_1.0.0.202111181127/tools/bin/../lib/gcc/arm-none-eabi/10.3.1/../../../../arm-none-eabi/lib/thumb/v7e-m+fp/hard\libm.a(lib_a-sf_scalbn.o)
                0x0000000008006318                scalbnf
 .text.__libc_init_array
                0x00000000080063fc       0x48 c:/st/stm32cubeide_1.10.1/stm32cubeide/plugins/com.st.stm32cube.ide.mcu.externaltools.gnu-tools-for-stm32.10.3-2021.10.win32_1.0.0.202111181127/tools/bin/../lib/gcc/arm-none-eabi/10.3.1/../../../../arm-none-eabi/lib/thumb/v7e-m+fp/hard\libc_nano.a(lib_a-init.o)
                0x00000000080063fc                __libc_init_array
 .text.memset   0x0000000008006444       0x10 c:/st/stm32cubeide_1.10.1/stm32cubeide/plugins/com.st.stm32cube.ide.mcu.externaltools.gnu-tools-for-stm32.10.3-2021.10.win32_1.0.0.202111181127/tools/bin/../lib/gcc/arm-none-eabi/10.3.1/../../../../arm-none-eabi/lib/thumb/v7e-m+fp/hard\libc_nano.a(lib_a-memset.o)
                0x0000000008006444                memset
 *(.glue_7)
 .glue_7        0x0000000008006454        0x0 linker stubs
 *(.glue_7t)
 .glue_7t       0x0000000008006454        0x0 linker stubs
 *(.eh_frame)
 .eh_frame      0x0000000008006454        0x0 c:/st/stm32cubeide_1.10.1/stm32cubeide/plugins/com.st.stm32cube.ide.mcu.externaltools.gnu-tools-for-stm32.10.3-2021.10.win32_1.0.0.202111181127/tools/bin/../lib/gcc/arm-none-eabi/10.3.1/thumb/v7e-m+fp/hard/crtbegin.o
 *(.init)
 .init          0x0000000008006454        0x4 c:/st/stm32cubeide_1.10.1/stm32cubeide/plugins/com.st.stm32cube.ide.mcu.externaltools.gnu-tools-for-stm32.10.3-2021.10.win32_1.0.0.202111181127/tools/bin/../lib/gcc/arm-none-eabi/10.3.1/thumb/v7e-m+fp/hard/crti.o
                0x0000000008006454                _init
 .init          0x0000000008006458        0x8 c:/st/stm32cubeide_1.10.1/stm32cubeide/plugins/com.st.stm32cube.ide.mcu.externaltools.gnu-tools-for-stm32.10.3-2021.10.win32_1.0.0.202111181127/tools/bin/../lib/gcc/arm-none-eabi/10.3.1/thumb/v7e-m+fp/hard/crtn.o
 *(.fini)
 .fini          0x0000000008006460        0x4 c:/st/stm32cubeide_1.10.1/stm32cubeide/plugins/com.st.stm32cube.ide.mcu.externaltools.gnu-tools-for-stm32.10.3-2021.10.win32_1.0.0.202111181127/tools/bin/../lib/gcc/arm-none-eabi/10.3.1/thumb/v7e-m+fp/hard/crti.o
                0x0000000008006460                _fini
 .fini          0x0000000008006464        0x8 c:/st/stm32cubeide_1.10.1/stm32cubeide/plugins/com.st.stm32cube.ide.mcu.externaltools.gnu-tools-for-stm32.10.3-2021.10.win32_1.0.0.202111181127/tools/bin/../lib/gcc/arm-none-eabi/10.3.1/thumb/v7e-m+fp/hard/crtn.o
                0x000000000800646c                . = ALIGN (0x4)
                0x000000000800646c                _etext = .

.vfp11_veneer   0x000000000800646c        0x0
 .vfp11_veneer  0x000000000800646c        0x0 linker stubs

.v4_bx          0x000000000800646c        0x0
 .v4_bx         0x000000000800646c        0x0 linker stubs

.iplt           0x000000000800646c        0x0
 .iplt          0x000000000800646c        0x0 c:/st/stm32cubeide_1.10.1/stm32cubeide/plugins/com.st.stm32cube.ide.mcu.externaltools.gnu-tools-for-stm32.10.3-2021.10.win32_1.0.0.202111181127/tools/bin/../lib/gcc/arm-none-eabi/10.3.1/thumb/v7e-m+fp/hard/crtbegin.o

.rodata         0x000000000800646c      0x3e8
                0x000000000800646c                . = ALIGN (0x4)
 *(.rodata)
 *(.rodata*)
 .rodata.AHBPrescTable
                0x000000000800646c       0x10 ./Core/Src/system_stm32f4xx.o
                0x000000000800646c                AHBPrescTable
 .rodata.APBPrescTable
                0x000000000800647c        0x8 ./Core/Src/system_stm32f4xx.o
                0x000000000800647c                APBPrescTable
 .rodata.npio2_hw
                0x0000000008006484       0x80 c:/st/stm32cubeide_1.10.1/stm32cubeide/plugins/com.st.stm32cube.ide.mcu.externaltools.gnu-tools-for-stm32.10.3-2021.10.win32_1.0.0.202111181127/tools/bin/../lib/gcc/arm-none-eabi/10.3.1/../../../../arm-none-eabi/lib/thumb/v7e-m+fp/hard\libm.a(lib_a-ef_rem_pio2.o)
 .rodata.two_over_pi
                0x0000000008006504      0x318 c:/st/stm32cubeide_1.10.1/stm32cubeide/plugins/com.st.stm32cube.ide.mcu.externaltools.gnu-tools-for-stm32.10.3-2021.10.win32_1.0.0.202111181127/tools/bin/../lib/gcc/arm-none-eabi/10.3.1/../../../../arm-none-eabi/lib/thumb/v7e-m+fp/hard\libm.a(lib_a-ef_rem_pio2.o)
 .rodata.PIo2   0x000000000800681c       0x2c c:/st/stm32cubeide_1.10.1/stm32cubeide/plugins/com.st.stm32cube.ide.mcu.externaltools.gnu-tools-for-stm32.10.3-2021.10.win32_1.0.0.202111181127/tools/bin/../lib/gcc/arm-none-eabi/10.3.1/../../../../arm-none-eabi/lib/thumb/v7e-m+fp/hard\libm.a(lib_a-kf_rem_pio2.o)
 .rodata.init_jk
                0x0000000008006848        0xc c:/st/stm32cubeide_1.10.1/stm32cubeide/plugins/com.st.stm32cube.ide.mcu.externaltools.gnu-tools-for-stm32.10.3-2021.10.win32_1.0.0.202111181127/tools/bin/../lib/gcc/arm-none-eabi/10.3.1/../../../../arm-none-eabi/lib/thumb/v7e-m+fp/hard\libm.a(lib_a-kf_rem_pio2.o)
                0x0000000008006854                . = ALIGN (0x4)

.ARM.extab      0x0000000008006854        0x0
                0x0000000008006854                . = ALIGN (0x4)
 *(.ARM.extab* .gnu.linkonce.armextab.*)
                0x0000000008006854                . = ALIGN (0x4)

.ARM            0x0000000008006854        0x8
                0x0000000008006854                . = ALIGN (0x4)
                0x0000000008006854                __exidx_start = .
 *(.ARM.exidx*)
 .ARM.exidx     0x0000000008006854        0x8 c:/st/stm32cubeide_1.10.1/stm32cubeide/plugins/com.st.stm32cube.ide.mcu.externaltools.gnu-tools-for-stm32.10.3-2021.10.win32_1.0.0.202111181127/tools/bin/../lib/gcc/arm-none-eabi/10.3.1/thumb/v7e-m+fp/hard\libgcc.a(_udivmoddi4.o)
                0x000000000800685c                __exidx_end = .
                0x000000000800685c                . = ALIGN (0x4)

.rel.dyn        0x000000000800685c        0x0
 .rel.iplt      0x000000000800685c        0x0 c:/st/stm32cubeide_1.10.1/stm32cubeide/plugins/com.st.stm32cube.ide.mcu.externaltools.gnu-tools-for-stm32.10.3-2021.10.win32_1.0.0.202111181127/tools/bin/../lib/gcc/arm-none-eabi/10.3.1/thumb/v7e-m+fp/hard/crtbegin.o

.preinit_array  0x000000000800685c        0x0
                0x000000000800685c                . = ALIGN (0x4)
                0x000000000800685c                PROVIDE (__preinit_array_start = .)
 *(.preinit_array*)
                0x000000000800685c                PROVIDE (__preinit_array_end = .)
                0x000000000800685c                . = ALIGN (0x4)

.init_array     0x000000000800685c        0x8
                0x000000000800685c                . = ALIGN (0x4)
                0x000000000800685c                PROVIDE (__init_array_start = .)
 *(SORT_BY_NAME(.init_array.*))
 *(.init_array*)
 .init_array    0x000000000800685c        0x4 c:/st/stm32cubeide_1.10.1/stm32cubeide/plugins/com.st.stm32cube.ide.mcu.externaltools.gnu-tools-for-stm32.10.3-2021.10.win32_1.0.0.202111181127/tools/bin/../lib/gcc/arm-none-eabi/10.3.1/thumb/v7e-m+fp/hard/crtbegin.o
 .init_array    0x0000000008006860        0x4 ./Core/Src/motor.o
                0x0000000008006864                PROVIDE (__init_array_end = .)
                0x0000000008006864                . = ALIGN (0x4)

.fini_array     0x0000000008006864        0x4
                0x0000000008006864                . = ALIGN (0x4)
                [!provide]                        PROVIDE (__fini_array_start = .)
 *(SORT_BY_NAME(.fini_array.*))
 *(.fini_array*)
 .fini_array    0x0000000008006864        0x4 c:/st/stm32cubeide_1.10.1/stm32cubeide/plugins/com.st.stm32cube.ide.mcu.externaltools.gnu-tools-for-stm32.10.3-2021.10.win32_1.0.0.202111181127/tools/bin/../lib/gcc/arm-none-eabi/10.3.1/thumb/v7e-m+fp/hard/crtbegin.o
                [!provide]                        PROVIDE (__fini_array_end = .)
                0x0000000008006868                . = ALIGN (0x4)
                0x0000000008006868                _sidata = LOADADDR (.data)

.data           0x0000000020000000      0x130 load address 0x0000000008006868
                0x0000000020000000                . = ALIGN (0x4)
                0x0000000020000000                _sdata = .
 *(.data)
 *(.data*)
 .data.wheel_radius
                0x0000000020000000        0x4 ./Core/Src/location.o
                0x0000000020000000                wheel_radius
 .data.chassis_radius
                0x0000000020000004        0x4 ./Core/Src/location.o
                0x0000000020000004                chassis_radius
 .data.timer_span
                0x0000000020000008        0x4 ./Core/Src/location.o
                0x0000000020000008                timer_span
 .data.map_theta_front
                0x000000002000000c        0x4 ./Core/Src/location.o
                0x000000002000000c                map_theta_front
 .data.move_mode
                0x0000000020000010        0x4 ./Core/Src/mainpp.o
                0x0000000020000010                move_mode
 .data.ki       0x0000000020000014        0x4 ./Core/Src/motor.o
                0x0000000020000014                ki
 .data.kp       0x0000000020000018        0x4 ./Core/Src/motor.o
                0x0000000020000018                kp
 .data.arr      0x000000002000001c        0x4 ./Core/Src/motor.o
                0x000000002000001c                arr
 .data.span     0x0000000020000020        0x4 ./Core/Src/motor.o
                0x0000000020000020                span
 .data.PID_controllers
                0x0000000020000024       0xa0 ./Core/Src/motor.o
                0x0000000020000024                PID_controllers
 .data.DC_Motors
                0x00000000200000c4       0x60 ./Core/Src/motor.o
                0x00000000200000c4                DC_Motors
 .data.SystemCoreClock
                0x0000000020000124        0x4 ./Core/Src/system_stm32f4xx.o
                0x0000000020000124                SystemCoreClock
 .data.uwTickPrio
                0x0000000020000128        0x4 ./Drivers/STM32F4xx_HAL_Driver/Src/stm32f4xx_hal.o
                0x0000000020000128                uwTickPrio
 .data.uwTickFreq
                0x000000002000012c        0x1 ./Drivers/STM32F4xx_HAL_Driver/Src/stm32f4xx_hal.o
                0x000000002000012c                uwTickFreq
 *(.RamFunc)
 *(.RamFunc*)
                0x0000000020000130                . = ALIGN (0x4)
 *fill*         0x000000002000012d        0x3 
                0x0000000020000130                _edata = .

.igot.plt       0x0000000020000130        0x0 load address 0x0000000008006998
 .igot.plt      0x0000000020000130        0x0 c:/st/stm32cubeide_1.10.1/stm32cubeide/plugins/com.st.stm32cube.ide.mcu.externaltools.gnu-tools-for-stm32.10.3-2021.10.win32_1.0.0.202111181127/tools/bin/../lib/gcc/arm-none-eabi/10.3.1/thumb/v7e-m+fp/hard/crtbegin.o
                0x0000000020000130                . = ALIGN (0x4)

.bss            0x0000000020000130      0x310 load address 0x0000000008006998
                0x0000000020000130                _sbss = .
                0x0000000020000130                __bss_start__ = _sbss
 *(.bss)
 .bss           0x0000000020000130       0x1c c:/st/stm32cubeide_1.10.1/stm32cubeide/plugins/com.st.stm32cube.ide.mcu.externaltools.gnu-tools-for-stm32.10.3-2021.10.win32_1.0.0.202111181127/tools/bin/../lib/gcc/arm-none-eabi/10.3.1/thumb/v7e-m+fp/hard/crtbegin.o
 *(.bss*)
 .bss.chassis_right_wheel_angspeed
                0x000000002000014c        0x4 ./Core/Src/location.o
                0x000000002000014c                chassis_right_wheel_angspeed
 .bss.chassis_left_wheel_angspeed
                0x0000000020000150        0x4 ./Core/Src/location.o
                0x0000000020000150                chassis_left_wheel_angspeed
 .bss.chassis_speed
                0x0000000020000154        0x4 ./Core/Src/location.o
                0x0000000020000154                chassis_speed
 .bss.chassis_angspeed
                0x0000000020000158        0x4 ./Core/Src/location.o
                0x0000000020000158                chassis_angspeed
 .bss.encRead   0x000000002000015c        0x8 ./Core/Src/location.o
                0x000000002000015c                encRead
 .bss.map_x     0x0000000020000164        0x4 ./Core/Src/location.o
                0x0000000020000164                map_x
 .bss.map_y     0x0000000020000168        0x4 ./Core/Src/location.o
                0x0000000020000168                map_y
 .bss.map_theta_back
                0x000000002000016c        0x4 ./Core/Src/location.o
                0x000000002000016c                map_theta_back
 .bss.goal_x    0x0000000020000170        0x4 ./Core/Src/location.o
                0x0000000020000170                goal_x
 .bss.goal_y    0x0000000020000174        0x4 ./Core/Src/location.o
                0x0000000020000174                goal_y
 .bss.goal_theta
                0x0000000020000178        0x4 ./Core/Src/location.o
                0x0000000020000178                goal_theta
 .bss.last_x    0x000000002000017c        0x4 ./Core/Src/location.o
                0x000000002000017c                last_x
 .bss.last_y    0x0000000020000180        0x4 ./Core/Src/location.o
                0x0000000020000180                last_y
 .bss.last_theta
                0x0000000020000184        0x4 ./Core/Src/location.o
                0x0000000020000184                last_theta
 .bss.SP        0x0000000020000188        0x4 ./Core/Src/location.o
                0x0000000020000188                SP
 .bss.spin      0x000000002000018c        0x4 ./Core/Src/location.o
                0x000000002000018c                spin
 .bss.mode      0x0000000020000190        0x4 ./Core/Src/location.o
                0x0000000020000190                mode
 .bss.arrive    0x0000000020000194        0x1 ./Core/Src/location.o
                0x0000000020000194                arrive
 *fill*         0x0000000020000195        0x3 
 .bss.hadc1     0x0000000020000198       0x48 ./Core/Src/main.o
                0x0000000020000198                hadc1
 .bss.htim1     0x00000000200001e0       0x48 ./Core/Src/main.o
                0x00000000200001e0                htim1
 .bss.htim2     0x0000000020000228       0x48 ./Core/Src/main.o
                0x0000000020000228                htim2
 .bss.htim3     0x0000000020000270       0x48 ./Core/Src/main.o
                0x0000000020000270                htim3
 .bss.htim4     0x00000000200002b8       0x48 ./Core/Src/main.o
                0x00000000200002b8                htim4
 .bss.htim7     0x0000000020000300       0x48 ./Core/Src/main.o
                0x0000000020000300                htim7
 .bss.htim8     0x0000000020000348       0x48 ./Core/Src/main.o
                0x0000000020000348                htim8
 .bss.htim9     0x0000000020000390       0x48 ./Core/Src/main.o
                0x0000000020000390                htim9
 .bss.huart4    0x00000000200003d8       0x44 ./Core/Src/main.o
                0x00000000200003d8                huart4
 .bss.sp        0x000000002000041c       0x10 ./Core/Src/motor.o
                0x000000002000041c                sp
 .bss.path_motor_speed
                0x000000002000042c        0x8 ./Core/Src/pathSensor.o
                0x000000002000042c                path_motor_speed
 .bss.path_dis_x
                0x0000000020000434        0x4 ./Core/Src/pathSensor.o
                0x0000000020000434                path_dis_x
 .bss.path_dis_y
                0x0000000020000438        0x4 ./Core/Src/pathSensor.o
                0x0000000020000438                path_dis_y
 .bss.uwTick    0x000000002000043c        0x4 ./Drivers/STM32F4xx_HAL_Driver/Src/stm32f4xx_hal.o
                0x000000002000043c                uwTick
 *(COMMON)
                0x0000000020000440                . = ALIGN (0x4)
                0x0000000020000440                _ebss = .
                0x0000000020000440                __bss_end__ = _ebss

._user_heap_stack
                0x0000000020000440      0x600 load address 0x0000000008006998
                0x0000000020000440                . = ALIGN (0x8)
                [!provide]                        PROVIDE (end = .)
                0x0000000020000440                PROVIDE (_end = .)
                0x0000000020000640                . = (. + _Min_Heap_Size)
 *fill*         0x0000000020000440      0x200 
                0x0000000020000a40                . = (. + _Min_Stack_Size)
 *fill*         0x0000000020000640      0x400 
                0x0000000020000a40                . = ALIGN (0x8)

/DISCARD/
 libc.a(*)
 libm.a(*)
 libgcc.a(*)

.ARM.attributes
                0x0000000000000000       0x30
 *(.ARM.attributes)
 .ARM.attributes
                0x0000000000000000       0x1e c:/st/stm32cubeide_1.10.1/stm32cubeide/plugins/com.st.stm32cube.ide.mcu.externaltools.gnu-tools-for-stm32.10.3-2021.10.win32_1.0.0.202111181127/tools/bin/../lib/gcc/arm-none-eabi/10.3.1/thumb/v7e-m+fp/hard/crti.o
 .ARM.attributes
                0x000000000000001e       0x34 c:/st/stm32cubeide_1.10.1/stm32cubeide/plugins/com.st.stm32cube.ide.mcu.externaltools.gnu-tools-for-stm32.10.3-2021.10.win32_1.0.0.202111181127/tools/bin/../lib/gcc/arm-none-eabi/10.3.1/thumb/v7e-m+fp/hard/crtbegin.o
 .ARM.attributes
                0x0000000000000052       0x34 ./Core/Src/communication.o
 .ARM.attributes
                0x0000000000000086       0x34 ./Core/Src/location.o
 .ARM.attributes
                0x00000000000000ba       0x34 ./Core/Src/main.o
 .ARM.attributes
                0x00000000000000ee       0x34 ./Core/Src/mainpp.o
 .ARM.attributes
                0x0000000000000122       0x34 ./Core/Src/motor.o
 .ARM.attributes
                0x0000000000000156       0x34 ./Core/Src/pathSensor.o
 .ARM.attributes
                0x000000000000018a       0x34 ./Core/Src/servo.o
 .ARM.attributes
                0x00000000000001be       0x34 ./Core/Src/stm32f4xx_hal_msp.o
 .ARM.attributes
                0x00000000000001f2       0x34 ./Core/Src/stm32f4xx_it.o
 .ARM.attributes
                0x0000000000000226       0x34 ./Core/Src/system_stm32f4xx.o
 .ARM.attributes
                0x000000000000025a       0x21 ./Core/Startup/startup_stm32f446retx.o
 .ARM.attributes
                0x000000000000027b       0x34 ./Drivers/STM32F4xx_HAL_Driver/Src/stm32f4xx_hal.o
 .ARM.attributes
                0x00000000000002af       0x34 ./Drivers/STM32F4xx_HAL_Driver/Src/stm32f4xx_hal_adc.o
 .ARM.attributes
                0x00000000000002e3       0x34 ./Drivers/STM32F4xx_HAL_Driver/Src/stm32f4xx_hal_cortex.o
 .ARM.attributes
                0x0000000000000317       0x34 ./Drivers/STM32F4xx_HAL_Driver/Src/stm32f4xx_hal_gpio.o
 .ARM.attributes
                0x000000000000034b       0x34 ./Drivers/STM32F4xx_HAL_Driver/Src/stm32f4xx_hal_rcc.o
 .ARM.attributes
                0x000000000000037f       0x34 ./Drivers/STM32F4xx_HAL_Driver/Src/stm32f4xx_hal_rcc_ex.o
 .ARM.attributes
                0x00000000000003b3       0x34 ./Drivers/STM32F4xx_HAL_Driver/Src/stm32f4xx_hal_tim.o
 .ARM.attributes
                0x00000000000003e7       0x34 ./Drivers/STM32F4xx_HAL_Driver/Src/stm32f4xx_hal_tim_ex.o
 .ARM.attributes
                0x000000000000041b       0x34 ./Drivers/STM32F4xx_HAL_Driver/Src/stm32f4xx_hal_uart.o
 .ARM.attributes
                0x000000000000044f       0x34 c:/st/stm32cubeide_1.10.1/stm32cubeide/plugins/com.st.stm32cube.ide.mcu.externaltools.gnu-tools-for-stm32.10.3-2021.10.win32_1.0.0.202111181127/tools/bin/../lib/gcc/arm-none-eabi/10.3.1/../../../../arm-none-eabi/lib/thumb/v7e-m+fp/hard\libm.a(lib_a-sf_cos.o)
 .ARM.attributes
                0x0000000000000483       0x34 c:/st/stm32cubeide_1.10.1/stm32cubeide/plugins/com.st.stm32cube.ide.mcu.externaltools.gnu-tools-for-stm32.10.3-2021.10.win32_1.0.0.202111181127/tools/bin/../lib/gcc/arm-none-eabi/10.3.1/../../../../arm-none-eabi/lib/thumb/v7e-m+fp/hard\libm.a(lib_a-sf_fmin.o)
 .ARM.attributes
                0x00000000000004b7       0x34 c:/st/stm32cubeide_1.10.1/stm32cubeide/plugins/com.st.stm32cube.ide.mcu.externaltools.gnu-tools-for-stm32.10.3-2021.10.win32_1.0.0.202111181127/tools/bin/../lib/gcc/arm-none-eabi/10.3.1/../../../../arm-none-eabi/lib/thumb/v7e-m+fp/hard\libm.a(lib_a-sf_fpclassify.o)
 .ARM.attributes
                0x00000000000004eb       0x34 c:/st/stm32cubeide_1.10.1/stm32cubeide/plugins/com.st.stm32cube.ide.mcu.externaltools.gnu-tools-for-stm32.10.3-2021.10.win32_1.0.0.202111181127/tools/bin/../lib/gcc/arm-none-eabi/10.3.1/../../../../arm-none-eabi/lib/thumb/v7e-m+fp/hard\libm.a(lib_a-sf_sin.o)
 .ARM.attributes
                0x000000000000051f       0x34 c:/st/stm32cubeide_1.10.1/stm32cubeide/plugins/com.st.stm32cube.ide.mcu.externaltools.gnu-tools-for-stm32.10.3-2021.10.win32_1.0.0.202111181127/tools/bin/../lib/gcc/arm-none-eabi/10.3.1/../../../../arm-none-eabi/lib/thumb/v7e-m+fp/hard\libm.a(lib_a-ef_rem_pio2.o)
 .ARM.attributes
                0x0000000000000553       0x34 c:/st/stm32cubeide_1.10.1/stm32cubeide/plugins/com.st.stm32cube.ide.mcu.externaltools.gnu-tools-for-stm32.10.3-2021.10.win32_1.0.0.202111181127/tools/bin/../lib/gcc/arm-none-eabi/10.3.1/../../../../arm-none-eabi/lib/thumb/v7e-m+fp/hard\libm.a(lib_a-kf_cos.o)
 .ARM.attributes
                0x0000000000000587       0x34 c:/st/stm32cubeide_1.10.1/stm32cubeide/plugins/com.st.stm32cube.ide.mcu.externaltools.gnu-tools-for-stm32.10.3-2021.10.win32_1.0.0.202111181127/tools/bin/../lib/gcc/arm-none-eabi/10.3.1/../../../../arm-none-eabi/lib/thumb/v7e-m+fp/hard\libm.a(lib_a-kf_rem_pio2.o)
 .ARM.attributes
                0x00000000000005bb       0x34 c:/st/stm32cubeide_1.10.1/stm32cubeide/plugins/com.st.stm32cube.ide.mcu.externaltools.gnu-tools-for-stm32.10.3-2021.10.win32_1.0.0.202111181127/tools/bin/../lib/gcc/arm-none-eabi/10.3.1/../../../../arm-none-eabi/lib/thumb/v7e-m+fp/hard\libm.a(lib_a-kf_sin.o)
 .ARM.attributes
                0x00000000000005ef       0x34 c:/st/stm32cubeide_1.10.1/stm32cubeide/plugins/com.st.stm32cube.ide.mcu.externaltools.gnu-tools-for-stm32.10.3-2021.10.win32_1.0.0.202111181127/tools/bin/../lib/gcc/arm-none-eabi/10.3.1/../../../../arm-none-eabi/lib/thumb/v7e-m+fp/hard\libm.a(lib_a-sf_fabs.o)
 .ARM.attributes
                0x0000000000000623       0x34 c:/st/stm32cubeide_1.10.1/stm32cubeide/plugins/com.st.stm32cube.ide.mcu.externaltools.gnu-tools-for-stm32.10.3-2021.10.win32_1.0.0.202111181127/tools/bin/../lib/gcc/arm-none-eabi/10.3.1/../../../../arm-none-eabi/lib/thumb/v7e-m+fp/hard\libm.a(lib_a-sf_floor.o)
 .ARM.attributes
                0x0000000000000657       0x34 c:/st/stm32cubeide_1.10.1/stm32cubeide/plugins/com.st.stm32cube.ide.mcu.externaltools.gnu-tools-for-stm32.10.3-2021.10.win32_1.0.0.202111181127/tools/bin/../lib/gcc/arm-none-eabi/10.3.1/../../../../arm-none-eabi/lib/thumb/v7e-m+fp/hard\libm.a(lib_a-sf_scalbn.o)
 .ARM.attributes
                0x000000000000068b       0x34 c:/st/stm32cubeide_1.10.1/stm32cubeide/plugins/com.st.stm32cube.ide.mcu.externaltools.gnu-tools-for-stm32.10.3-2021.10.win32_1.0.0.202111181127/tools/bin/../lib/gcc/arm-none-eabi/10.3.1/../../../../arm-none-eabi/lib/thumb/v7e-m+fp/hard\libc_nano.a(lib_a-init.o)
 .ARM.attributes
                0x00000000000006bf       0x34 c:/st/stm32cubeide_1.10.1/stm32cubeide/plugins/com.st.stm32cube.ide.mcu.externaltools.gnu-tools-for-stm32.10.3-2021.10.win32_1.0.0.202111181127/tools/bin/../lib/gcc/arm-none-eabi/10.3.1/../../../../arm-none-eabi/lib/thumb/v7e-m+fp/hard\libc_nano.a(lib_a-memset.o)
 .ARM.attributes
                0x00000000000006f3       0x1e c:/st/stm32cubeide_1.10.1/stm32cubeide/plugins/com.st.stm32cube.ide.mcu.externaltools.gnu-tools-for-stm32.10.3-2021.10.win32_1.0.0.202111181127/tools/bin/../lib/gcc/arm-none-eabi/10.3.1/thumb/v7e-m+fp/hard\libgcc.a(_arm_addsubdf3.o)
 .ARM.attributes
                0x0000000000000711       0x1e c:/st/stm32cubeide_1.10.1/stm32cubeide/plugins/com.st.stm32cube.ide.mcu.externaltools.gnu-tools-for-stm32.10.3-2021.10.win32_1.0.0.202111181127/tools/bin/../lib/gcc/arm-none-eabi/10.3.1/thumb/v7e-m+fp/hard\libgcc.a(_arm_muldivdf3.o)
 .ARM.attributes
                0x000000000000072f       0x1e c:/st/stm32cubeide_1.10.1/stm32cubeide/plugins/com.st.stm32cube.ide.mcu.externaltools.gnu-tools-for-stm32.10.3-2021.10.win32_1.0.0.202111181127/tools/bin/../lib/gcc/arm-none-eabi/10.3.1/thumb/v7e-m+fp/hard\libgcc.a(_arm_cmpdf2.o)
 .ARM.attributes
                0x000000000000074d       0x1e c:/st/stm32cubeide_1.10.1/stm32cubeide/plugins/com.st.stm32cube.ide.mcu.externaltools.gnu-tools-for-stm32.10.3-2021.10.win32_1.0.0.202111181127/tools/bin/../lib/gcc/arm-none-eabi/10.3.1/thumb/v7e-m+fp/hard\libgcc.a(_arm_truncdfsf2.o)
 .ARM.attributes
                0x000000000000076b       0x1e c:/st/stm32cubeide_1.10.1/stm32cubeide/plugins/com.st.stm32cube.ide.mcu.externaltools.gnu-tools-for-stm32.10.3-2021.10.win32_1.0.0.202111181127/tools/bin/../lib/gcc/arm-none-eabi/10.3.1/thumb/v7e-m+fp/hard\libgcc.a(_aeabi_uldivmod.o)
 .ARM.attributes
                0x0000000000000789       0x34 c:/st/stm32cubeide_1.10.1/stm32cubeide/plugins/com.st.stm32cube.ide.mcu.externaltools.gnu-tools-for-stm32.10.3-2021.10.win32_1.0.0.202111181127/tools/bin/../lib/gcc/arm-none-eabi/10.3.1/thumb/v7e-m+fp/hard\libgcc.a(_udivmoddi4.o)
 .ARM.attributes
                0x00000000000007bd       0x1e c:/st/stm32cubeide_1.10.1/stm32cubeide/plugins/com.st.stm32cube.ide.mcu.externaltools.gnu-tools-for-stm32.10.3-2021.10.win32_1.0.0.202111181127/tools/bin/../lib/gcc/arm-none-eabi/10.3.1/thumb/v7e-m+fp/hard\libgcc.a(_dvmd_tls.o)
 .ARM.attributes
                0x00000000000007db       0x1e c:/st/stm32cubeide_1.10.1/stm32cubeide/plugins/com.st.stm32cube.ide.mcu.externaltools.gnu-tools-for-stm32.10.3-2021.10.win32_1.0.0.202111181127/tools/bin/../lib/gcc/arm-none-eabi/10.3.1/thumb/v7e-m+fp/hard/crtn.o
OUTPUT(TDK_chassis.elf elf32-littlearm)
LOAD linker stubs
LOAD c:/st/stm32cubeide_1.10.1/stm32cubeide/plugins/com.st.stm32cube.ide.mcu.externaltools.gnu-tools-for-stm32.10.3-2021.10.win32_1.0.0.202111181127/tools/bin/../lib/gcc/arm-none-eabi/10.3.1/../../../../arm-none-eabi/lib/thumb/v7e-m+fp/hard\libc.a
LOAD c:/st/stm32cubeide_1.10.1/stm32cubeide/plugins/com.st.stm32cube.ide.mcu.externaltools.gnu-tools-for-stm32.10.3-2021.10.win32_1.0.0.202111181127/tools/bin/../lib/gcc/arm-none-eabi/10.3.1/../../../../arm-none-eabi/lib/thumb/v7e-m+fp/hard\libm.a
LOAD c:/st/stm32cubeide_1.10.1/stm32cubeide/plugins/com.st.stm32cube.ide.mcu.externaltools.gnu-tools-for-stm32.10.3-2021.10.win32_1.0.0.202111181127/tools/bin/../lib/gcc/arm-none-eabi/10.3.1/thumb/v7e-m+fp/hard\libgcc.a

.debug_info     0x0000000000000000    0x14a91
 .debug_info    0x0000000000000000     0x107c ./Core/Src/communication.o
 .debug_info    0x000000000000107c      0xd78 ./Core/Src/location.o
 .debug_info    0x0000000000001df4     0x1748 ./Core/Src/main.o
 .debug_info    0x000000000000353c      0x83d ./Core/Src/mainpp.o
 .debug_info    0x0000000000003d79     0x24ff ./Core/Src/motor.o
 .debug_info    0x0000000000006278      0x827 ./Core/Src/pathSensor.o
 .debug_info    0x0000000000006a9f      0x99f ./Core/Src/servo.o
 .debug_info    0x000000000000743e     0x1576 ./Core/Src/stm32f4xx_hal_msp.o
 .debug_info    0x00000000000089b4      0x736 ./Core/Src/stm32f4xx_it.o
 .debug_info    0x00000000000090ea      0x55b ./Core/Src/system_stm32f4xx.o
 .debug_info    0x0000000000009645       0x22 ./Core/Startup/startup_stm32f446retx.o
 .debug_info    0x0000000000009667      0x9d2 ./Drivers/STM32F4xx_HAL_Driver/Src/stm32f4xx_hal.o
 .debug_info    0x000000000000a039      0xd70 ./Drivers/STM32F4xx_HAL_Driver/Src/stm32f4xx_hal_adc.o
 .debug_info    0x000000000000ada9      0xe39 ./Drivers/STM32F4xx_HAL_Driver/Src/stm32f4xx_hal_cortex.o
 .debug_info    0x000000000000bbe2      0x7be ./Drivers/STM32F4xx_HAL_Driver/Src/stm32f4xx_hal_gpio.o
 .debug_info    0x000000000000c3a0      0x9ab ./Drivers/STM32F4xx_HAL_Driver/Src/stm32f4xx_hal_rcc.o
 .debug_info    0x000000000000cd4b      0x9ec ./Drivers/STM32F4xx_HAL_Driver/Src/stm32f4xx_hal_rcc_ex.o
 .debug_info    0x000000000000d737     0x2bbe ./Drivers/STM32F4xx_HAL_Driver/Src/stm32f4xx_hal_tim.o
 .debug_info    0x00000000000102f5     0x15e0 ./Drivers/STM32F4xx_HAL_Driver/Src/stm32f4xx_hal_tim_ex.o
 .debug_info    0x00000000000118d5     0x31bc ./Drivers/STM32F4xx_HAL_Driver/Src/stm32f4xx_hal_uart.o

.debug_abbrev   0x0000000000000000     0x2c2e
 .debug_abbrev  0x0000000000000000      0x2bb ./Core/Src/communication.o
 .debug_abbrev  0x00000000000002bb      0x367 ./Core/Src/location.o
 .debug_abbrev  0x0000000000000622      0x291 ./Core/Src/main.o
 .debug_abbrev  0x00000000000008b3      0x1d1 ./Core/Src/mainpp.o
 .debug_abbrev  0x0000000000000a84      0x367 ./Core/Src/motor.o
 .debug_abbrev  0x0000000000000deb      0x1c3 ./Core/Src/pathSensor.o
 .debug_abbrev  0x0000000000000fae      0x20c ./Core/Src/servo.o
 .debug_abbrev  0x00000000000011ba      0x242 ./Core/Src/stm32f4xx_hal_msp.o
 .debug_abbrev  0x00000000000013fc      0x184 ./Core/Src/stm32f4xx_it.o
 .debug_abbrev  0x0000000000001580      0x116 ./Core/Src/system_stm32f4xx.o
 .debug_abbrev  0x0000000000001696       0x12 ./Core/Startup/startup_stm32f446retx.o
 .debug_abbrev  0x00000000000016a8      0x20d ./Drivers/STM32F4xx_HAL_Driver/Src/stm32f4xx_hal.o
 .debug_abbrev  0x00000000000018b5      0x244 ./Drivers/STM32F4xx_HAL_Driver/Src/stm32f4xx_hal_adc.o
 .debug_abbrev  0x0000000000001af9      0x316 ./Drivers/STM32F4xx_HAL_Driver/Src/stm32f4xx_hal_cortex.o
 .debug_abbrev  0x0000000000001e0f      0x1c4 ./Drivers/STM32F4xx_HAL_Driver/Src/stm32f4xx_hal_gpio.o
 .debug_abbrev  0x0000000000001fd3      0x2aa ./Drivers/STM32F4xx_HAL_Driver/Src/stm32f4xx_hal_rcc.o
 .debug_abbrev  0x000000000000227d      0x1fb ./Drivers/STM32F4xx_HAL_Driver/Src/stm32f4xx_hal_rcc_ex.o
 .debug_abbrev  0x0000000000002478      0x25d ./Drivers/STM32F4xx_HAL_Driver/Src/stm32f4xx_hal_tim.o
 .debug_abbrev  0x00000000000026d5      0x265 ./Drivers/STM32F4xx_HAL_Driver/Src/stm32f4xx_hal_tim_ex.o
 .debug_abbrev  0x000000000000293a      0x2f4 ./Drivers/STM32F4xx_HAL_Driver/Src/stm32f4xx_hal_uart.o

.debug_aranges  0x0000000000000000      0xef0
 .debug_aranges
                0x0000000000000000       0x48 ./Core/Src/communication.o
 .debug_aranges
                0x0000000000000048       0x70 ./Core/Src/location.o
 .debug_aranges
                0x00000000000000b8       0x80 ./Core/Src/main.o
 .debug_aranges
                0x0000000000000138       0x30 ./Core/Src/mainpp.o
 .debug_aranges
                0x0000000000000168       0x68 ./Core/Src/motor.o
 .debug_aranges
                0x00000000000001d0       0x30 ./Core/Src/pathSensor.o
 .debug_aranges
                0x0000000000000200       0x40 ./Core/Src/servo.o
 .debug_aranges
                0x0000000000000240       0x78 ./Core/Src/stm32f4xx_hal_msp.o
 .debug_aranges
                0x00000000000002b8       0x68 ./Core/Src/stm32f4xx_it.o
 .debug_aranges
                0x0000000000000320       0x28 ./Core/Src/system_stm32f4xx.o
 .debug_aranges
                0x0000000000000348       0x28 ./Core/Startup/startup_stm32f446retx.o
 .debug_aranges
                0x0000000000000370       0xf0 ./Drivers/STM32F4xx_HAL_Driver/Src/stm32f4xx_hal.o
 .debug_aranges
                0x0000000000000460       0xe8 ./Drivers/STM32F4xx_HAL_Driver/Src/stm32f4xx_hal_adc.o
 .debug_aranges
                0x0000000000000548      0x118 ./Drivers/STM32F4xx_HAL_Driver/Src/stm32f4xx_hal_cortex.o
 .debug_aranges
                0x0000000000000660       0x58 ./Drivers/STM32F4xx_HAL_Driver/Src/stm32f4xx_hal_gpio.o
 .debug_aranges
                0x00000000000006b8       0x88 ./Drivers/STM32F4xx_HAL_Driver/Src/stm32f4xx_hal_rcc.o
 .debug_aranges
                0x0000000000000740       0x78 ./Drivers/STM32F4xx_HAL_Driver/Src/stm32f4xx_hal_rcc_ex.o
 .debug_aranges
                0x00000000000007b8      0x3d0 ./Drivers/STM32F4xx_HAL_Driver/Src/stm32f4xx_hal_tim.o
 .debug_aranges
                0x0000000000000b88      0x168 ./Drivers/STM32F4xx_HAL_Driver/Src/stm32f4xx_hal_tim_ex.o
 .debug_aranges
                0x0000000000000cf0      0x200 ./Drivers/STM32F4xx_HAL_Driver/Src/stm32f4xx_hal_uart.o

.debug_ranges   0x0000000000000000      0xe10
 .debug_ranges  0x0000000000000000       0x38 ./Core/Src/communication.o
 .debug_ranges  0x0000000000000038       0x60 ./Core/Src/location.o
 .debug_ranges  0x0000000000000098       0x70 ./Core/Src/main.o
 .debug_ranges  0x0000000000000108       0x20 ./Core/Src/mainpp.o
 .debug_ranges  0x0000000000000128       0x58 ./Core/Src/motor.o
 .debug_ranges  0x0000000000000180       0x20 ./Core/Src/pathSensor.o
 .debug_ranges  0x00000000000001a0       0x58 ./Core/Src/servo.o
 .debug_ranges  0x00000000000001f8       0x68 ./Core/Src/stm32f4xx_hal_msp.o
 .debug_ranges  0x0000000000000260       0x58 ./Core/Src/stm32f4xx_it.o
 .debug_ranges  0x00000000000002b8       0x18 ./Core/Src/system_stm32f4xx.o
 .debug_ranges  0x00000000000002d0       0x20 ./Core/Startup/startup_stm32f446retx.o
 .debug_ranges  0x00000000000002f0       0xe0 ./Drivers/STM32F4xx_HAL_Driver/Src/stm32f4xx_hal.o
 .debug_ranges  0x00000000000003d0       0xd8 ./Drivers/STM32F4xx_HAL_Driver/Src/stm32f4xx_hal_adc.o
 .debug_ranges  0x00000000000004a8      0x108 ./Drivers/STM32F4xx_HAL_Driver/Src/stm32f4xx_hal_cortex.o
 .debug_ranges  0x00000000000005b0       0x48 ./Drivers/STM32F4xx_HAL_Driver/Src/stm32f4xx_hal_gpio.o
 .debug_ranges  0x00000000000005f8       0x78 ./Drivers/STM32F4xx_HAL_Driver/Src/stm32f4xx_hal_rcc.o
 .debug_ranges  0x0000000000000670       0x68 ./Drivers/STM32F4xx_HAL_Driver/Src/stm32f4xx_hal_rcc_ex.o
 .debug_ranges  0x00000000000006d8      0x3c0 ./Drivers/STM32F4xx_HAL_Driver/Src/stm32f4xx_hal_tim.o
 .debug_ranges  0x0000000000000a98      0x158 ./Drivers/STM32F4xx_HAL_Driver/Src/stm32f4xx_hal_tim_ex.o
 .debug_ranges  0x0000000000000bf0      0x220 ./Drivers/STM32F4xx_HAL_Driver/Src/stm32f4xx_hal_uart.o

.debug_macro    0x0000000000000000    0x26a45
 .debug_macro   0x0000000000000000      0x35b ./Core/Src/communication.o
 .debug_macro   0x000000000000035b      0xb50 ./Core/Src/communication.o
 .debug_macro   0x0000000000000eab      0x2a1 ./Core/Src/communication.o
 .debug_macro   0x000000000000114c       0x2e ./Core/Src/communication.o
 .debug_macro   0x000000000000117a       0x28 ./Core/Src/communication.o
 .debug_macro   0x00000000000011a2       0x1c ./Core/Src/communication.o
 .debug_macro   0x00000000000011be       0x22 ./Core/Src/communication.o
 .debug_macro   0x00000000000011e0       0x8e ./Core/Src/communication.o
 .debug_macro   0x000000000000126e       0x51 ./Core/Src/communication.o
 .debug_macro   0x00000000000012bf      0x103 ./Core/Src/communication.o
 .debug_macro   0x00000000000013c2       0x6a ./Core/Src/communication.o
 .debug_macro   0x000000000000142c      0x1df ./Core/Src/communication.o
 .debug_macro   0x000000000000160b       0x1c ./Core/Src/communication.o
 .debug_macro   0x0000000000001627       0x22 ./Core/Src/communication.o
 .debug_macro   0x0000000000001649       0xd9 ./Core/Src/communication.o
 .debug_macro   0x0000000000001722     0x102d ./Core/Src/communication.o
 .debug_macro   0x000000000000274f      0x11f ./Core/Src/communication.o
 .debug_macro   0x000000000000286e    0x16749 ./Core/Src/communication.o
 .debug_macro   0x0000000000018fb7       0x6d ./Core/Src/communication.o
 .debug_macro   0x0000000000019024     0x367e ./Core/Src/communication.o
 .debug_macro   0x000000000001c6a2      0x17b ./Core/Src/communication.o
 .debug_macro   0x000000000001c81d       0x5c ./Core/Src/communication.o
 .debug_macro   0x000000000001c879      0xc90 ./Core/Src/communication.o
 .debug_macro   0x000000000001d509      0x9fe ./Core/Src/communication.o
 .debug_macro   0x000000000001df07      0x115 ./Core/Src/communication.o
 .debug_macro   0x000000000001e01c      0x1a0 ./Core/Src/communication.o
 .debug_macro   0x000000000001e1bc       0xa5 ./Core/Src/communication.o
 .debug_macro   0x000000000001e261      0x16d ./Core/Src/communication.o
 .debug_macro   0x000000000001e3ce      0x287 ./Core/Src/communication.o
 .debug_macro   0x000000000001e655       0x5f ./Core/Src/communication.o
 .debug_macro   0x000000000001e6b4      0x236 ./Core/Src/communication.o
 .debug_macro   0x000000000001e8ea      0xb5b ./Core/Src/communication.o
 .debug_macro   0x000000000001f445      0x38b ./Core/Src/communication.o
 .debug_macro   0x000000000001f7d0      0x17d ./Core/Src/communication.o
 .debug_macro   0x000000000001f94d       0xf9 ./Core/Src/communication.o
 .debug_macro   0x000000000001fa46      0x132 ./Core/Src/communication.o
 .debug_macro   0x000000000001fb78      0x29c ./Core/Src/communication.o
 .debug_macro   0x000000000001fe14       0x2e ./Core/Src/communication.o
 .debug_macro   0x000000000001fe42      0x11a ./Core/Src/communication.o
 .debug_macro   0x000000000001ff5c       0xe8 ./Core/Src/communication.o
 .debug_macro   0x0000000000020044       0x89 ./Core/Src/communication.o
 .debug_macro   0x00000000000200cd      0x8e6 ./Core/Src/communication.o
 .debug_macro   0x00000000000209b3       0x4d ./Core/Src/communication.o
 .debug_macro   0x0000000000020a00      0x295 ./Core/Src/communication.o
 .debug_macro   0x0000000000020c95      0x126 ./Core/Src/communication.o
 .debug_macro   0x0000000000020dbb      0x18a ./Core/Src/communication.o
 .debug_macro   0x0000000000020f45       0x10 ./Core/Src/communication.o
 .debug_macro   0x0000000000020f55      0x3d1 ./Core/Src/communication.o
 .debug_macro   0x0000000000021326       0x10 ./Core/Src/communication.o
 .debug_macro   0x0000000000021336       0x1e ./Core/Src/communication.o
 .debug_macro   0x0000000000021354       0x52 ./Core/Src/communication.o
 .debug_macro   0x00000000000213a6       0x3c ./Core/Src/communication.o
 .debug_macro   0x00000000000213e2       0x34 ./Core/Src/communication.o
 .debug_macro   0x0000000000021416       0x16 ./Core/Src/communication.o
 .debug_macro   0x000000000002142c       0x35 ./Core/Src/communication.o
 .debug_macro   0x0000000000021461       0x16 ./Core/Src/communication.o
 .debug_macro   0x0000000000021477       0x43 ./Core/Src/communication.o
 .debug_macro   0x00000000000214ba       0x34 ./Core/Src/communication.o
 .debug_macro   0x00000000000214ee       0x10 ./Core/Src/communication.o
 .debug_macro   0x00000000000214fe       0x58 ./Core/Src/communication.o
 .debug_macro   0x0000000000021556       0x71 ./Core/Src/communication.o
 .debug_macro   0x00000000000215c7       0x16 ./Core/Src/communication.o
 .debug_macro   0x00000000000215dd      0x12a ./Core/Src/communication.o
 .debug_macro   0x0000000000021707      0x364 ./Core/Src/communication.o
 .debug_macro   0x0000000000021a6b       0x16 ./Core/Src/communication.o
 .debug_macro   0x0000000000021a81       0x29 ./Core/Src/communication.o
 .debug_macro   0x0000000000021aaa       0x1c ./Core/Src/communication.o
 .debug_macro   0x0000000000021ac6       0xde ./Core/Src/communication.o
 .debug_macro   0x0000000000021ba4       0x16 ./Core/Src/communication.o
 .debug_macro   0x0000000000021bba       0x20 ./Core/Src/communication.o
 .debug_macro   0x0000000000021bda      0x378 ./Core/Src/location.o
 .debug_macro   0x0000000000021f52       0x18 ./Core/Src/location.o
 .debug_macro   0x0000000000021f6a      0x194 ./Core/Src/location.o
 .debug_macro   0x00000000000220fe      0x3cd ./Core/Src/location.o
 .debug_macro   0x00000000000224cb      0x20f ./Core/Src/main.o
 .debug_macro   0x00000000000226da      0xa78 ./Core/Src/main.o
 .debug_macro   0x0000000000023152     0x102d ./Core/Src/main.o
 .debug_macro   0x000000000002417f      0x174 ./Core/Src/main.o
 .debug_macro   0x00000000000242f3       0x34 ./Core/Src/main.o
 .debug_macro   0x0000000000024327      0x2ff ./Core/Src/mainpp.o
 .debug_macro   0x0000000000024626       0x10 ./Core/Src/mainpp.o
 .debug_macro   0x0000000000024636      0x39b ./Core/Src/motor.o
 .debug_macro   0x00000000000249d1       0x10 ./Core/Src/motor.o
 .debug_macro   0x00000000000249e1       0x10 ./Core/Src/motor.o
 .debug_macro   0x00000000000249f1      0x3c7 ./Core/Src/motor.o
 .debug_macro   0x0000000000024db8      0x241 ./Core/Src/pathSensor.o
 .debug_macro   0x0000000000024ff9      0x20f ./Core/Src/servo.o
 .debug_macro   0x0000000000025208      0x205 ./Core/Src/stm32f4xx_hal_msp.o
 .debug_macro   0x000000000002540d      0x20f ./Core/Src/stm32f4xx_it.o
 .debug_macro   0x000000000002561c      0x1f6 ./Core/Src/system_stm32f4xx.o
 .debug_macro   0x0000000000025812      0x256 ./Drivers/STM32F4xx_HAL_Driver/Src/stm32f4xx_hal.o
 .debug_macro   0x0000000000025a68      0x1f7 ./Drivers/STM32F4xx_HAL_Driver/Src/stm32f4xx_hal_adc.o
 .debug_macro   0x0000000000025c5f      0x1f6 ./Drivers/STM32F4xx_HAL_Driver/Src/stm32f4xx_hal_cortex.o
 .debug_macro   0x0000000000025e55      0x1fc ./Drivers/STM32F4xx_HAL_Driver/Src/stm32f4xx_hal_gpio.o
 .debug_macro   0x0000000000026051      0x21a ./Drivers/STM32F4xx_HAL_Driver/Src/stm32f4xx_hal_rcc.o
 .debug_macro   0x000000000002626b      0x1f6 ./Drivers/STM32F4xx_HAL_Driver/Src/stm32f4xx_hal_rcc_ex.o
 .debug_macro   0x0000000000026461      0x1f7 ./Drivers/STM32F4xx_HAL_Driver/Src/stm32f4xx_hal_tim.o
 .debug_macro   0x0000000000026658      0x1f6 ./Drivers/STM32F4xx_HAL_Driver/Src/stm32f4xx_hal_tim_ex.o
 .debug_macro   0x000000000002684e      0x1f7 ./Drivers/STM32F4xx_HAL_Driver/Src/stm32f4xx_hal_uart.o

.debug_line     0x0000000000000000    0x13d30
 .debug_line    0x0000000000000000      0xc3a ./Core/Src/communication.o
 .debug_line    0x0000000000000c3a     0x12b2 ./Core/Src/location.o
 .debug_line    0x0000000000001eec      0xb51 ./Core/Src/main.o
 .debug_line    0x0000000000002a3d      0x8b7 ./Core/Src/mainpp.o
 .debug_line    0x00000000000032f4      0xed2 ./Core/Src/motor.o
 .debug_line    0x00000000000041c6      0x904 ./Core/Src/pathSensor.o
 .debug_line    0x0000000000004aca      0x806 ./Core/Src/servo.o
 .debug_line    0x00000000000052d0      0x981 ./Core/Src/stm32f4xx_hal_msp.o
 .debug_line    0x0000000000005c51      0x7dd ./Core/Src/stm32f4xx_it.o
 .debug_line    0x000000000000642e      0x784 ./Core/Src/system_stm32f4xx.o
 .debug_line    0x0000000000006bb2       0x88 ./Core/Startup/startup_stm32f446retx.o
 .debug_line    0x0000000000006c3a      0x9ea ./Drivers/STM32F4xx_HAL_Driver/Src/stm32f4xx_hal.o
 .debug_line    0x0000000000007624     0x1266 ./Drivers/STM32F4xx_HAL_Driver/Src/stm32f4xx_hal_adc.o
 .debug_line    0x000000000000888a      0xc99 ./Drivers/STM32F4xx_HAL_Driver/Src/stm32f4xx_hal_cortex.o
 .debug_line    0x0000000000009523      0xb4a ./Drivers/STM32F4xx_HAL_Driver/Src/stm32f4xx_hal_gpio.o
 .debug_line    0x000000000000a06d      0xd72 ./Drivers/STM32F4xx_HAL_Driver/Src/stm32f4xx_hal_rcc.o
 .debug_line    0x000000000000addf     0x13fd ./Drivers/STM32F4xx_HAL_Driver/Src/stm32f4xx_hal_rcc_ex.o
 .debug_line    0x000000000000c1dc     0x36de ./Drivers/STM32F4xx_HAL_Driver/Src/stm32f4xx_hal_tim.o
 .debug_line    0x000000000000f8ba     0x19e7 ./Drivers/STM32F4xx_HAL_Driver/Src/stm32f4xx_hal_tim_ex.o
 .debug_line    0x00000000000112a1     0x2a8f ./Drivers/STM32F4xx_HAL_Driver/Src/stm32f4xx_hal_uart.o

.debug_str      0x0000000000000000    0xdfef8
 .debug_str     0x0000000000000000    0xda5e5 ./Core/Src/communication.o
                                      0xdaa26 (size before relaxing)
 .debug_str     0x00000000000da5e5      0xf3d ./Core/Src/location.o
                                      0xdb244 (size before relaxing)
 .debug_str     0x00000000000db522      0xc0a ./Core/Src/main.o
                                      0xd6532 (size before relaxing)
 .debug_str     0x00000000000dc12c      0x168 ./Core/Src/mainpp.o
                                      0xd9027 (size before relaxing)
 .debug_str     0x00000000000dc294      0x9c2 ./Core/Src/motor.o
                                      0xdc083 (size before relaxing)
 .debug_str     0x00000000000dcc56      0x12d ./Core/Src/pathSensor.o
                                      0xd6018 (size before relaxing)
 .debug_str     0x00000000000dcd83      0x111 ./Core/Src/servo.o
                                      0xd61d7 (size before relaxing)
 .debug_str     0x00000000000dce94      0x694 ./Core/Src/stm32f4xx_hal_msp.o
                                      0xd664f (size before relaxing)
 .debug_str     0x00000000000dd528       0xec ./Core/Src/stm32f4xx_it.o
                                      0xd5b42 (size before relaxing)
 .debug_str     0x00000000000dd614       0xdb ./Core/Src/system_stm32f4xx.o
                                      0xd5695 (size before relaxing)
 .debug_str     0x00000000000dd6ef       0x36 ./Core/Startup/startup_stm32f446retx.o
                                         0x75 (size before relaxing)
 .debug_str     0x00000000000dd725      0x596 ./Drivers/STM32F4xx_HAL_Driver/Src/stm32f4xx_hal.o
                                      0xd625a (size before relaxing)
 .debug_str     0x00000000000ddcbb      0x2b9 ./Drivers/STM32F4xx_HAL_Driver/Src/stm32f4xx_hal_adc.o
                                      0xd5c5d (size before relaxing)
 .debug_str     0x00000000000ddf74      0x31d ./Drivers/STM32F4xx_HAL_Driver/Src/stm32f4xx_hal_cortex.o
                                      0xd5f68 (size before relaxing)
 .debug_str     0x00000000000de291      0x121 ./Drivers/STM32F4xx_HAL_Driver/Src/stm32f4xx_hal_gpio.o
                                      0xd5810 (size before relaxing)
 .debug_str     0x00000000000de3b2      0x228 ./Drivers/STM32F4xx_HAL_Driver/Src/stm32f4xx_hal_rcc.o
                                      0xd5ace (size before relaxing)
 .debug_str     0x00000000000de5da      0x324 ./Drivers/STM32F4xx_HAL_Driver/Src/stm32f4xx_hal_rcc_ex.o
                                      0xd5b01 (size before relaxing)
 .debug_str     0x00000000000de8fe      0xc4a ./Drivers/STM32F4xx_HAL_Driver/Src/stm32f4xx_hal_tim.o
                                      0xd69ea (size before relaxing)
 .debug_str     0x00000000000df548      0x3e1 ./Drivers/STM32F4xx_HAL_Driver/Src/stm32f4xx_hal_tim_ex.o
                                      0xd6206 (size before relaxing)
 .debug_str     0x00000000000df929      0x5cf ./Drivers/STM32F4xx_HAL_Driver/Src/stm32f4xx_hal_uart.o
                                      0xd6043 (size before relaxing)

.comment        0x0000000000000000       0x50
 .comment       0x0000000000000000       0x50 ./Core/Src/communication.o
                                         0x51 (size before relaxing)
 .comment       0x0000000000000050       0x51 ./Core/Src/location.o
 .comment       0x0000000000000050       0x51 ./Core/Src/main.o
 .comment       0x0000000000000050       0x51 ./Core/Src/mainpp.o
 .comment       0x0000000000000050       0x51 ./Core/Src/motor.o
 .comment       0x0000000000000050       0x51 ./Core/Src/pathSensor.o
 .comment       0x0000000000000050       0x51 ./Core/Src/servo.o
 .comment       0x0000000000000050       0x51 ./Core/Src/stm32f4xx_hal_msp.o
 .comment       0x0000000000000050       0x51 ./Core/Src/stm32f4xx_it.o
 .comment       0x0000000000000050       0x51 ./Core/Src/system_stm32f4xx.o
 .comment       0x0000000000000050       0x51 ./Drivers/STM32F4xx_HAL_Driver/Src/stm32f4xx_hal.o
 .comment       0x0000000000000050       0x51 ./Drivers/STM32F4xx_HAL_Driver/Src/stm32f4xx_hal_adc.o
 .comment       0x0000000000000050       0x51 ./Drivers/STM32F4xx_HAL_Driver/Src/stm32f4xx_hal_cortex.o
 .comment       0x0000000000000050       0x51 ./Drivers/STM32F4xx_HAL_Driver/Src/stm32f4xx_hal_gpio.o
 .comment       0x0000000000000050       0x51 ./Drivers/STM32F4xx_HAL_Driver/Src/stm32f4xx_hal_rcc.o
 .comment       0x0000000000000050       0x51 ./Drivers/STM32F4xx_HAL_Driver/Src/stm32f4xx_hal_rcc_ex.o
 .comment       0x0000000000000050       0x51 ./Drivers/STM32F4xx_HAL_Driver/Src/stm32f4xx_hal_tim.o
 .comment       0x0000000000000050       0x51 ./Drivers/STM32F4xx_HAL_Driver/Src/stm32f4xx_hal_tim_ex.o
 .comment       0x0000000000000050       0x51 ./Drivers/STM32F4xx_HAL_Driver/Src/stm32f4xx_hal_uart.o

.debug_frame    0x0000000000000000     0x41b0
 .debug_frame   0x0000000000000000       0xd4 ./Core/Src/communication.o
 .debug_frame   0x00000000000000d4      0x1cc ./Core/Src/location.o
 .debug_frame   0x00000000000002a0      0x1c8 ./Core/Src/main.o
 .debug_frame   0x0000000000000468       0x6c ./Core/Src/mainpp.o
 .debug_frame   0x00000000000004d4      0x174 ./Core/Src/motor.o
 .debug_frame   0x0000000000000648       0x7c ./Core/Src/pathSensor.o
 .debug_frame   0x00000000000006c4       0xc8 ./Core/Src/servo.o
 .debug_frame   0x000000000000078c      0x1c8 ./Core/Src/stm32f4xx_hal_msp.o
 .debug_frame   0x0000000000000954      0x120 ./Core/Src/stm32f4xx_it.o
 .debug_frame   0x0000000000000a74       0x58 ./Core/Src/system_stm32f4xx.o
 .debug_frame   0x0000000000000acc      0x374 ./Drivers/STM32F4xx_HAL_Driver/Src/stm32f4xx_hal.o
 .debug_frame   0x0000000000000e40      0x3fc ./Drivers/STM32F4xx_HAL_Driver/Src/stm32f4xx_hal_adc.o
 .debug_frame   0x000000000000123c      0x498 ./Drivers/STM32F4xx_HAL_Driver/Src/stm32f4xx_hal_cortex.o
 .debug_frame   0x00000000000016d4      0x14c ./Drivers/STM32F4xx_HAL_Driver/Src/stm32f4xx_hal_gpio.o
 .debug_frame   0x0000000000001820      0x1f4 ./Drivers/STM32F4xx_HAL_Driver/Src/stm32f4xx_hal_rcc.o
 .debug_frame   0x0000000000001a14      0x1e8 ./Drivers/STM32F4xx_HAL_Driver/Src/stm32f4xx_hal_rcc_ex.o
 .debug_frame   0x0000000000001bfc     0x11c4 ./Drivers/STM32F4xx_HAL_Driver/Src/stm32f4xx_hal_tim.o
 .debug_frame   0x0000000000002dc0      0x638 ./Drivers/STM32F4xx_HAL_Driver/Src/stm32f4xx_hal_tim_ex.o
 .debug_frame   0x00000000000033f8      0x92c ./Drivers/STM32F4xx_HAL_Driver/Src/stm32f4xx_hal_uart.o
 .debug_frame   0x0000000000003d24       0x38 c:/st/stm32cubeide_1.10.1/stm32cubeide/plugins/com.st.stm32cube.ide.mcu.externaltools.gnu-tools-for-stm32.10.3-2021.10.win32_1.0.0.202111181127/tools/bin/../lib/gcc/arm-none-eabi/10.3.1/../../../../arm-none-eabi/lib/thumb/v7e-m+fp/hard\libm.a(lib_a-sf_cos.o)
 .debug_frame   0x0000000000003d5c       0x38 c:/st/stm32cubeide_1.10.1/stm32cubeide/plugins/com.st.stm32cube.ide.mcu.externaltools.gnu-tools-for-stm32.10.3-2021.10.win32_1.0.0.202111181127/tools/bin/../lib/gcc/arm-none-eabi/10.3.1/../../../../arm-none-eabi/lib/thumb/v7e-m+fp/hard\libm.a(lib_a-sf_fmin.o)
 .debug_frame   0x0000000000003d94       0x20 c:/st/stm32cubeide_1.10.1/stm32cubeide/plugins/com.st.stm32cube.ide.mcu.externaltools.gnu-tools-for-stm32.10.3-2021.10.win32_1.0.0.202111181127/tools/bin/../lib/gcc/arm-none-eabi/10.3.1/../../../../arm-none-eabi/lib/thumb/v7e-m+fp/hard\libm.a(lib_a-sf_fpclassify.o)
 .debug_frame   0x0000000000003db4       0x38 c:/st/stm32cubeide_1.10.1/stm32cubeide/plugins/com.st.stm32cube.ide.mcu.externaltools.gnu-tools-for-stm32.10.3-2021.10.win32_1.0.0.202111181127/tools/bin/../lib/gcc/arm-none-eabi/10.3.1/../../../../arm-none-eabi/lib/thumb/v7e-m+fp/hard\libm.a(lib_a-sf_sin.o)
 .debug_frame   0x0000000000003dec       0x38 c:/st/stm32cubeide_1.10.1/stm32cubeide/plugins/com.st.stm32cube.ide.mcu.externaltools.gnu-tools-for-stm32.10.3-2021.10.win32_1.0.0.202111181127/tools/bin/../lib/gcc/arm-none-eabi/10.3.1/../../../../arm-none-eabi/lib/thumb/v7e-m+fp/hard\libm.a(lib_a-ef_rem_pio2.o)
 .debug_frame   0x0000000000003e24       0x20 c:/st/stm32cubeide_1.10.1/stm32cubeide/plugins/com.st.stm32cube.ide.mcu.externaltools.gnu-tools-for-stm32.10.3-2021.10.win32_1.0.0.202111181127/tools/bin/../lib/gcc/arm-none-eabi/10.3.1/../../../../arm-none-eabi/lib/thumb/v7e-m+fp/hard\libm.a(lib_a-kf_cos.o)
 .debug_frame   0x0000000000003e44       0x5c c:/st/stm32cubeide_1.10.1/stm32cubeide/plugins/com.st.stm32cube.ide.mcu.externaltools.gnu-tools-for-stm32.10.3-2021.10.win32_1.0.0.202111181127/tools/bin/../lib/gcc/arm-none-eabi/10.3.1/../../../../arm-none-eabi/lib/thumb/v7e-m+fp/hard\libm.a(lib_a-kf_rem_pio2.o)
 .debug_frame   0x0000000000003ea0       0x20 c:/st/stm32cubeide_1.10.1/stm32cubeide/plugins/com.st.stm32cube.ide.mcu.externaltools.gnu-tools-for-stm32.10.3-2021.10.win32_1.0.0.202111181127/tools/bin/../lib/gcc/arm-none-eabi/10.3.1/../../../../arm-none-eabi/lib/thumb/v7e-m+fp/hard\libm.a(lib_a-kf_sin.o)
 .debug_frame   0x0000000000003ec0       0x20 c:/st/stm32cubeide_1.10.1/stm32cubeide/plugins/com.st.stm32cube.ide.mcu.externaltools.gnu-tools-for-stm32.10.3-2021.10.win32_1.0.0.202111181127/tools/bin/../lib/gcc/arm-none-eabi/10.3.1/../../../../arm-none-eabi/lib/thumb/v7e-m+fp/hard\libm.a(lib_a-sf_fabs.o)
 .debug_frame   0x0000000000003ee0       0x20 c:/st/stm32cubeide_1.10.1/stm32cubeide/plugins/com.st.stm32cube.ide.mcu.externaltools.gnu-tools-for-stm32.10.3-2021.10.win32_1.0.0.202111181127/tools/bin/../lib/gcc/arm-none-eabi/10.3.1/../../../../arm-none-eabi/lib/thumb/v7e-m+fp/hard\libm.a(lib_a-sf_floor.o)
 .debug_frame   0x0000000000003f00       0x20 c:/st/stm32cubeide_1.10.1/stm32cubeide/plugins/com.st.stm32cube.ide.mcu.externaltools.gnu-tools-for-stm32.10.3-2021.10.win32_1.0.0.202111181127/tools/bin/../lib/gcc/arm-none-eabi/10.3.1/../../../../arm-none-eabi/lib/thumb/v7e-m+fp/hard\libm.a(lib_a-sf_scalbn.o)
 .debug_frame   0x0000000000003f20       0x2c c:/st/stm32cubeide_1.10.1/stm32cubeide/plugins/com.st.stm32cube.ide.mcu.externaltools.gnu-tools-for-stm32.10.3-2021.10.win32_1.0.0.202111181127/tools/bin/../lib/gcc/arm-none-eabi/10.3.1/../../../../arm-none-eabi/lib/thumb/v7e-m+fp/hard\libc_nano.a(lib_a-init.o)
 .debug_frame   0x0000000000003f4c       0x20 c:/st/stm32cubeide_1.10.1/stm32cubeide/plugins/com.st.stm32cube.ide.mcu.externaltools.gnu-tools-for-stm32.10.3-2021.10.win32_1.0.0.202111181127/tools/bin/../lib/gcc/arm-none-eabi/10.3.1/../../../../arm-none-eabi/lib/thumb/v7e-m+fp/hard\libc_nano.a(lib_a-memset.o)
 .debug_frame   0x0000000000003f6c       0xac c:/st/stm32cubeide_1.10.1/stm32cubeide/plugins/com.st.stm32cube.ide.mcu.externaltools.gnu-tools-for-stm32.10.3-2021.10.win32_1.0.0.202111181127/tools/bin/../lib/gcc/arm-none-eabi/10.3.1/thumb/v7e-m+fp/hard\libgcc.a(_arm_addsubdf3.o)
 .debug_frame   0x0000000000004018       0x50 c:/st/stm32cubeide_1.10.1/stm32cubeide/plugins/com.st.stm32cube.ide.mcu.externaltools.gnu-tools-for-stm32.10.3-2021.10.win32_1.0.0.202111181127/tools/bin/../lib/gcc/arm-none-eabi/10.3.1/thumb/v7e-m+fp/hard\libgcc.a(_arm_muldivdf3.o)
 .debug_frame   0x0000000000004068       0xc4 c:/st/stm32cubeide_1.10.1/stm32cubeide/plugins/com.st.stm32cube.ide.mcu.externaltools.gnu-tools-for-stm32.10.3-2021.10.win32_1.0.0.202111181127/tools/bin/../lib/gcc/arm-none-eabi/10.3.1/thumb/v7e-m+fp/hard\libgcc.a(_arm_cmpdf2.o)
 .debug_frame   0x000000000000412c       0x24 c:/st/stm32cubeide_1.10.1/stm32cubeide/plugins/com.st.stm32cube.ide.mcu.externaltools.gnu-tools-for-stm32.10.3-2021.10.win32_1.0.0.202111181127/tools/bin/../lib/gcc/arm-none-eabi/10.3.1/thumb/v7e-m+fp/hard\libgcc.a(_arm_truncdfsf2.o)
 .debug_frame   0x0000000000004150       0x2c c:/st/stm32cubeide_1.10.1/stm32cubeide/plugins/com.st.stm32cube.ide.mcu.externaltools.gnu-tools-for-stm32.10.3-2021.10.win32_1.0.0.202111181127/tools/bin/../lib/gcc/arm-none-eabi/10.3.1/thumb/v7e-m+fp/hard\libgcc.a(_aeabi_uldivmod.o)
 .debug_frame   0x000000000000417c       0x34 c:/st/stm32cubeide_1.10.1/stm32cubeide/plugins/com.st.stm32cube.ide.mcu.externaltools.gnu-tools-for-stm32.10.3-2021.10.win32_1.0.0.202111181127/tools/bin/../lib/gcc/arm-none-eabi/10.3.1/thumb/v7e-m+fp/hard\libgcc.a(_udivmoddi4.o)