c:\st\stm32cubeide_1.10.1\stm32cubeide\plugins\com.st.stm32cube.ide.mcu.externaltools.gnu-tools-for-stm32.10.3-2021.10.win32_1.0.0.202111181127\tools\arm-none-eabi\include\c++\10.3.1\bits\std_abs.h:75:3:constexpr float std::abs(float)	16	static
../Core/Src/communication.cpp:21:19:HAL_StatusTypeDef UART_Transmit_Two_Floats_DMA(UART_HandleTypeDef*, float, float)	24	static
../Core/Src/communication.cpp:27:19:HAL_StatusTypeDef UART_Transmit_Two_Floats_IT(UART_HandleTypeDef*, float, float)	24	static
../Core/Src/communication.cpp:33:6:void UART_setup()	8	static
../Core/Src/communication.cpp:38:6:void receiveSpeed()	8	static
../Core/Src/communication.cpp:45:6:void transmit_test()	8	static
