../Core/Src/main.c:83:5:main	8	static
../Core/Src/main.c:135:6:SystemClock_Config	88	static
../Core/Src/main.c:183:13:MX_ADC1_Init	24	static
../Core/Src/main.c:289:13:MX_TIM1_Init	80	static
../Core/Src/main.c:366:13:MX_TIM2_Init	56	static
../Core/Src/main.c:415:13:MX_TIM3_Init	56	static
../Core/Src/main.c:464:13:MX_TIM4_Init	56	static
../Core/Src/main.c:513:13:MX_TIM7_Init	16	static
../Core/Src/main.c:551:13:MX_TIM8_Init	56	static
../Core/Src/main.c:601:13:MX_TIM9_Init	40	static
../Core/Src/main.c:647:13:MX_UART4_Init	8	static
../Core/Src/main.c:680:13:MX_GPIO_Init	40	static
../Core/Src/main.c:729:6:Error_Handler	4	static,ignoring_inline_asm
