c:\st\stm32cubeide_1.10.1\stm32cubeide\plugins\com.st.stm32cube.ide.mcu.externaltools.gnu-tools-for-stm32.10.3-2021.10.win32_1.0.0.202111181127\tools\arm-none-eabi\include\c++\10.3.1\bits\std_abs.h:75:3:constexpr float std::abs(float)	16	static
../Core/Src/motor.cpp:53:6:void DCmotor_setup()	8	static
../Core/Src/motor.cpp:68:6:void PI_control_run(DC_motor*, float)	32	static
../Core/Src/motor.cpp:96:6:void getState(DC_motor*, int)	24	static
../Core/Src/motor.cpp:103:6:void set_goalHeight(DC_motor*, float, float*, float)	32	static
../Core/Src/motor.cpp:114:6:void DCmotor_run()	8	static
../Core/Src/motor.cpp:133:6:void encodersp(float*)	16	static
../Core/Src/motor.cpp:139:6:void speedOutput(int)	16	static
../Core/Src/motor.cpp:146:1:void __static_initialization_and_destruction_0(int, int)	16	static
../Core/Src/motor.cpp:146:1:cpp)	8	static
